Archive member included to satisfy reference by file (symbol)

C:\STM32\Cube\CryptoTest\Lib\STM32F1\Middlewares\ST\STM32_Cryptographic\Lib\libSTM32CryptographicV3.0.0_CM3_GCC_ot.a(crypto.o)
                              ./Core/Src/main.o (AES_CCM_Encrypt_Init)
c:/st/stm32cubeide_1.7.0/stm32cubeide/plugins/com.st.stm32cube.ide.mcu.externaltools.gnu-tools-for-stm32.9-2020-q2-update.win32_2.0.0.202105311346/tools/bin/../lib/gcc/arm-none-eabi/9.3.1/../../../../arm-none-eabi/lib/thumb/v7-m/nofp\libc_nano.a(lib_a-errno.o)
                              ./Core/Src/syscalls.o (__errno)
c:/st/stm32cubeide_1.7.0/stm32cubeide/plugins/com.st.stm32cube.ide.mcu.externaltools.gnu-tools-for-stm32.9-2020-q2-update.win32_2.0.0.202105311346/tools/bin/../lib/gcc/arm-none-eabi/9.3.1/../../../../arm-none-eabi/lib/thumb/v7-m/nofp\libc_nano.a(lib_a-exit.o)
                              c:/st/stm32cubeide_1.7.0/stm32cubeide/plugins/com.st.stm32cube.ide.mcu.externaltools.gnu-tools-for-stm32.9-2020-q2-update.win32_2.0.0.202105311346/tools/bin/../lib/gcc/arm-none-eabi/9.3.1/../../../../arm-none-eabi/lib/thumb/v7-m/nofp/crt0.o (exit)
c:/st/stm32cubeide_1.7.0/stm32cubeide/plugins/com.st.stm32cube.ide.mcu.externaltools.gnu-tools-for-stm32.9-2020-q2-update.win32_2.0.0.202105311346/tools/bin/../lib/gcc/arm-none-eabi/9.3.1/../../../../arm-none-eabi/lib/thumb/v7-m/nofp\libc_nano.a(lib_a-impure.o)
                              c:/st/stm32cubeide_1.7.0/stm32cubeide/plugins/com.st.stm32cube.ide.mcu.externaltools.gnu-tools-for-stm32.9-2020-q2-update.win32_2.0.0.202105311346/tools/bin/../lib/gcc/arm-none-eabi/9.3.1/../../../../arm-none-eabi/lib/thumb/v7-m/nofp\libc_nano.a(lib_a-exit.o) (_global_impure_ptr)
c:/st/stm32cubeide_1.7.0/stm32cubeide/plugins/com.st.stm32cube.ide.mcu.externaltools.gnu-tools-for-stm32.9-2020-q2-update.win32_2.0.0.202105311346/tools/bin/../lib/gcc/arm-none-eabi/9.3.1/../../../../arm-none-eabi/lib/thumb/v7-m/nofp\libc_nano.a(lib_a-init.o)
                              c:/st/stm32cubeide_1.7.0/stm32cubeide/plugins/com.st.stm32cube.ide.mcu.externaltools.gnu-tools-for-stm32.9-2020-q2-update.win32_2.0.0.202105311346/tools/bin/../lib/gcc/arm-none-eabi/9.3.1/../../../../arm-none-eabi/lib/thumb/v7-m/nofp/crt0.o (__libc_init_array)
c:/st/stm32cubeide_1.7.0/stm32cubeide/plugins/com.st.stm32cube.ide.mcu.externaltools.gnu-tools-for-stm32.9-2020-q2-update.win32_2.0.0.202105311346/tools/bin/../lib/gcc/arm-none-eabi/9.3.1/../../../../arm-none-eabi/lib/thumb/v7-m/nofp\libc_nano.a(lib_a-memcpy-stub.o)
                              C:\STM32\Cube\CryptoTest\Lib\STM32F1\Middlewares\ST\STM32_Cryptographic\Lib\libSTM32CryptographicV3.0.0_CM3_GCC_ot.a(crypto.o) (memcpy)
c:/st/stm32cubeide_1.7.0/stm32cubeide/plugins/com.st.stm32cube.ide.mcu.externaltools.gnu-tools-for-stm32.9-2020-q2-update.win32_2.0.0.202105311346/tools/bin/../lib/gcc/arm-none-eabi/9.3.1/../../../../arm-none-eabi/lib/thumb/v7-m/nofp\libc_nano.a(lib_a-memmove.o)
                              C:\STM32\Cube\CryptoTest\Lib\STM32F1\Middlewares\ST\STM32_Cryptographic\Lib\libSTM32CryptographicV3.0.0_CM3_GCC_ot.a(crypto.o) (memmove)
c:/st/stm32cubeide_1.7.0/stm32cubeide/plugins/com.st.stm32cube.ide.mcu.externaltools.gnu-tools-for-stm32.9-2020-q2-update.win32_2.0.0.202105311346/tools/bin/../lib/gcc/arm-none-eabi/9.3.1/../../../../arm-none-eabi/lib/thumb/v7-m/nofp\libc_nano.a(lib_a-memset.o)
                              c:/st/stm32cubeide_1.7.0/stm32cubeide/plugins/com.st.stm32cube.ide.mcu.externaltools.gnu-tools-for-stm32.9-2020-q2-update.win32_2.0.0.202105311346/tools/bin/../lib/gcc/arm-none-eabi/9.3.1/../../../../arm-none-eabi/lib/thumb/v7-m/nofp/crt0.o (memset)

Allocating common symbols
Common symbol       size              file

encrypt_OutputMessage
                    0x40              ./Core/Src/main.o
hcrc                0x8               ./Core/Src/main.o
tag                 0x40              ./Core/Src/main.o
uwTick              0x4               ./Drivers/STM32F1xx_HAL_Driver/Src/stm32f1xx_hal.o
pFlash              0x20              ./Drivers/STM32F1xx_HAL_Driver/Src/stm32f1xx_hal_flash.o
huart1              0x44              ./Core/Src/main.o
htim1               0x48              ./Core/Src/main.o
decrypt_OutputMessage
                    0x40              ./Core/Src/main.o

Discarded input sections

 .text          0x0000000000000000        0x0 c:/st/stm32cubeide_1.7.0/stm32cubeide/plugins/com.st.stm32cube.ide.mcu.externaltools.gnu-tools-for-stm32.9-2020-q2-update.win32_2.0.0.202105311346/tools/bin/../lib/gcc/arm-none-eabi/9.3.1/thumb/v7-m/nofp/crti.o
 .data          0x0000000000000000        0x0 c:/st/stm32cubeide_1.7.0/stm32cubeide/plugins/com.st.stm32cube.ide.mcu.externaltools.gnu-tools-for-stm32.9-2020-q2-update.win32_2.0.0.202105311346/tools/bin/../lib/gcc/arm-none-eabi/9.3.1/thumb/v7-m/nofp/crti.o
[...]
Memory Configuration

Name             Origin             Length             Attributes
RAM              0x0000000020000000 0x0000000000005000 xrw
FLASH            0x0000000008000000 0x0000000000010000 xr
*default*        0x0000000000000000 0xffffffffffffffff

Linker script and memory map

LOAD c:/st/stm32cubeide_1.7.0/stm32cubeide/plugins/com.st.stm32cube.ide.mcu.externaltools.gnu-tools-for-stm32.9-2020-q2-update.win32_2.0.0.202105311346/tools/bin/../lib/gcc/arm-none-eabi/9.3.1/thumb/v7-m/nofp/crti.o
LOAD c:/st/stm32cubeide_1.7.0/stm32cubeide/plugins/com.st.stm32cube.ide.mcu.externaltools.gnu-tools-for-stm32.9-2020-q2-update.win32_2.0.0.202105311346/tools/bin/../lib/gcc/arm-none-eabi/9.3.1/thumb/v7-m/nofp/crtbegin.o
LOAD c:/st/stm32cubeide_1.7.0/stm32cubeide/plugins/com.st.stm32cube.ide.mcu.externaltools.gnu-tools-for-stm32.9-2020-q2-update.win32_2.0.0.202105311346/tools/bin/../lib/gcc/arm-none-eabi/9.3.1/../../../../arm-none-eabi/lib/thumb/v7-m/nofp/crt0.o
LOAD ./Core/Src/global_param.o
LOAD ./Core/Src/main.o
LOAD ./Core/Src/stm32f1xx_hal_msp.o
LOAD ./Core/Src/stm32f1xx_it.o
LOAD ./Core/Src/syscalls.o
LOAD ./Core/Src/sysmem.o
LOAD ./Core/Src/system_stm32f1xx.o
LOAD ./Core/Startup/startup_stm32f103c8tx.o
LOAD ./Drivers/STM32F1xx_HAL_Driver/Src/stm32f1xx_hal.o
LOAD ./Drivers/STM32F1xx_HAL_Driver/Src/stm32f1xx_hal_cortex.o
LOAD ./Drivers/STM32F1xx_HAL_Driver/Src/stm32f1xx_hal_crc.o
LOAD ./Drivers/STM32F1xx_HAL_Driver/Src/stm32f1xx_hal_dma.o
LOAD ./Drivers/STM32F1xx_HAL_Driver/Src/stm32f1xx_hal_exti.o
LOAD ./Drivers/STM32F1xx_HAL_Driver/Src/stm32f1xx_hal_flash.o
LOAD ./Drivers/STM32F1xx_HAL_Driver/Src/stm32f1xx_hal_flash_ex.o
LOAD ./Drivers/STM32F1xx_HAL_Driver/Src/stm32f1xx_hal_gpio.o
LOAD ./Drivers/STM32F1xx_HAL_Driver/Src/stm32f1xx_hal_gpio_ex.o
LOAD ./Drivers/STM32F1xx_HAL_Driver/Src/stm32f1xx_hal_pwr.o
LOAD ./Drivers/STM32F1xx_HAL_Driver/Src/stm32f1xx_hal_rcc.o
LOAD ./Drivers/STM32F1xx_HAL_Driver/Src/stm32f1xx_hal_rcc_ex.o
LOAD ./Drivers/STM32F1xx_HAL_Driver/Src/stm32f1xx_hal_tim.o
LOAD ./Drivers/STM32F1xx_HAL_Driver/Src/stm32f1xx_hal_tim_ex.o
LOAD ./Drivers/STM32F1xx_HAL_Driver/Src/stm32f1xx_hal_uart.o
LOAD C:\STM32\Cube\CryptoTest\Lib\STM32F1\Middlewares\ST\STM32_Cryptographic\Lib\libSTM32CryptographicV3.0.0_CM3_GCC_ot.a
START GROUP
LOAD c:/st/stm32cubeide_1.7.0/stm32cubeide/plugins/com.st.stm32cube.ide.mcu.externaltools.gnu-tools-for-stm32.9-2020-q2-update.win32_2.0.0.202105311346/tools/bin/../lib/gcc/arm-none-eabi/9.3.1/../../../../arm-none-eabi/lib/thumb/v7-m/nofp\libc_nano.a
LOAD c:/st/stm32cubeide_1.7.0/stm32cubeide/plugins/com.st.stm32cube.ide.mcu.externaltools.gnu-tools-for-stm32.9-2020-q2-update.win32_2.0.0.202105311346/tools/bin/../lib/gcc/arm-none-eabi/9.3.1/../../../../arm-none-eabi/lib/thumb/v7-m/nofp\libm.a
END GROUP
START GROUP
LOAD c:/st/stm32cubeide_1.7.0/stm32cubeide/plugins/com.st.stm32cube.ide.mcu.externaltools.gnu-tools-for-stm32.9-2020-q2-update.win32_2.0.0.202105311346/tools/bin/../lib/gcc/arm-none-eabi/9.3.1/thumb/v7-m/nofp\libgcc.a
LOAD c:/st/stm32cubeide_1.7.0/stm32cubeide/plugins/com.st.stm32cube.ide.mcu.externaltools.gnu-tools-for-stm32.9-2020-q2-update.win32_2.0.0.202105311346/tools/bin/../lib/gcc/arm-none-eabi/9.3.1/../../../../arm-none-eabi/lib/thumb/v7-m/nofp\libc_nano.a
END GROUP
START GROUP
LOAD c:/st/stm32cubeide_1.7.0/stm32cubeide/plugins/com.st.stm32cube.ide.mcu.externaltools.gnu-tools-for-stm32.9-2020-q2-update.win32_2.0.0.202105311346/tools/bin/../lib/gcc/arm-none-eabi/9.3.1/thumb/v7-m/nofp\libgcc.a
LOAD c:/st/stm32cubeide_1.7.0/stm32cubeide/plugins/com.st.stm32cube.ide.mcu.externaltools.gnu-tools-for-stm32.9-2020-q2-update.win32_2.0.0.202105311346/tools/bin/../lib/gcc/arm-none-eabi/9.3.1/../../../../arm-none-eabi/lib/thumb/v7-m/nofp\libc_nano.a
LOAD c:/st/stm32cubeide_1.7.0/stm32cubeide/plugins/com.st.stm32cube.ide.mcu.externaltools.gnu-tools-for-stm32.9-2020-q2-update.win32_2.0.0.202105311346/tools/bin/../lib/gcc/arm-none-eabi/9.3.1/../../../../arm-none-eabi/lib/thumb/v7-m/nofp\libnosys.a
END GROUP
START GROUP
LOAD c:/st/stm32cubeide_1.7.0/stm32cubeide/plugins/com.st.stm32cube.ide.mcu.externaltools.gnu-tools-for-stm32.9-2020-q2-update.win32_2.0.0.202105311346/tools/bin/../lib/gcc/arm-none-eabi/9.3.1/thumb/v7-m/nofp\libgcc.a
LOAD c:/st/stm32cubeide_1.7.0/stm32cubeide/plugins/com.st.stm32cube.ide.mcu.externaltools.gnu-tools-for-stm32.9-2020-q2-update.win32_2.0.0.202105311346/tools/bin/../lib/gcc/arm-none-eabi/9.3.1/../../../../arm-none-eabi/lib/thumb/v7-m/nofp\libc_nano.a
LOAD c:/st/stm32cubeide_1.7.0/stm32cubeide/plugins/com.st.stm32cube.ide.mcu.externaltools.gnu-tools-for-stm32.9-2020-q2-update.win32_2.0.0.202105311346/tools/bin/../lib/gcc/arm-none-eabi/9.3.1/../../../../arm-none-eabi/lib/thumb/v7-m/nofp\libnosys.a
END GROUP
LOAD c:/st/stm32cubeide_1.7.0/stm32cubeide/plugins/com.st.stm32cube.ide.mcu.externaltools.gnu-tools-for-stm32.9-2020-q2-update.win32_2.0.0.202105311346/tools/bin/../lib/gcc/arm-none-eabi/9.3.1/thumb/v7-m/nofp/crtend.o
LOAD c:/st/stm32cubeide_1.7.0/stm32cubeide/plugins/com.st.stm32cube.ide.mcu.externaltools.gnu-tools-for-stm32.9-2020-q2-update.win32_2.0.0.202105311346/tools/bin/../lib/gcc/arm-none-eabi/9.3.1/thumb/v7-m/nofp/crtn.o
                0x0000000020005000                _estack = (ORIGIN (RAM) + LENGTH (RAM))
                0x0000000000000200                _Min_Heap_Size = 0x200
                0x0000000000000400                _Min_Stack_Size = 0x400

.isr_vector     0x0000000008000000      0x10c
                0x0000000008000000                . = ALIGN (0x4)
 *(.isr_vector)
 .isr_vector    0x0000000008000000      0x10c ./Core/Startup/startup_stm32f103c8tx.o
                0x0000000008000000                g_pfnVectors
                0x000000000800010c                . = ALIGN (0x4)

.text           0x000000000800010c     0x3c98
                0x000000000800010c                . = ALIGN (0x4)
 *(.text)
 .text          0x000000000800010c       0x40 c:/st/stm32cubeide_1.7.0/stm32cubeide/plugins/com.st.stm32cube.ide.mcu.externaltools.gnu-tools-for-stm32.9-2020-q2-update.win32_2.0.0.202105311346/tools/bin/../lib/gcc/arm-none-eabi/9.3.1/thumb/v7-m/nofp/crtbegin.o
 *(.text*)
 .text.main     0x000000000800014c       0xa8 ./Core/Src/main.o
                0x000000000800014c                main
 .text.SystemClock_Config
                0x00000000080001f4       0x8a ./Core/Src/main.o
                0x00000000080001f4                SystemClock_Config
 *fill*         0x000000000800027e        0x2 
 .text.MX_CRC_Init
                0x0000000008000280       0x28 ./Core/Src/main.o
 .text.MX_TIM1_Init
                0x00000000080002a8       0xa0 ./Core/Src/main.o
 .text.MX_USART1_UART_Init
                0x0000000008000348       0x54 ./Core/Src/main.o
 .text.MX_GPIO_Init
                0x000000000800039c      0x11c ./Core/Src/main.o
 .text.STM32_AES_CCM_Encrypt
                0x00000000080004b8       0xf2 ./Core/Src/main.o
                0x00000000080004b8                STM32_AES_CCM_Encrypt
 .text.STM32_AES_CCM_Decrypt
                0x00000000080005aa      0x100 ./Core/Src/main.o
                0x00000000080005aa                STM32_AES_CCM_Decrypt
 .text.Buffercmp
                0x00000000080006aa       0x42 ./Core/Src/main.o
                0x00000000080006aa                Buffercmp
 .text.HAL_GPIO_EXTI_Callback
                0x00000000080006ec       0xf0 ./Core/Src/main.o
                0x00000000080006ec                HAL_GPIO_EXTI_Callback
 .text.Error_Handler
                0x00000000080007dc        0xa ./Core/Src/main.o
                0x00000000080007dc                Error_Handler
 *fill*         0x00000000080007e6        0x2 
 .text.HAL_MspInit
                0x00000000080007e8       0x64 ./Core/Src/stm32f1xx_hal_msp.o
                0x00000000080007e8                HAL_MspInit
 .text.HAL_CRC_MspInit
                0x000000000800084c       0x3c ./Core/Src/stm32f1xx_hal_msp.o
                0x000000000800084c                HAL_CRC_MspInit
 .text.HAL_TIM_Base_MspInit
                0x0000000008000888       0x4c ./Core/Src/stm32f1xx_hal_msp.o
                0x0000000008000888                HAL_TIM_Base_MspInit
 .text.HAL_UART_MspInit
                0x00000000080008d4       0x98 ./Core/Src/stm32f1xx_hal_msp.o
                0x00000000080008d4                HAL_UART_MspInit
 .text.NMI_Handler
                0x000000000800096c        0x6 ./Core/Src/stm32f1xx_it.o
                0x000000000800096c                NMI_Handler
 .text.HardFault_Handler
                0x0000000008000972        0x6 ./Core/Src/stm32f1xx_it.o
                0x0000000008000972                HardFault_Handler
 .text.MemManage_Handler
                0x0000000008000978        0x6 ./Core/Src/stm32f1xx_it.o
                0x0000000008000978                MemManage_Handler
 .text.BusFault_Handler
                0x000000000800097e        0x6 ./Core/Src/stm32f1xx_it.o
                0x000000000800097e                BusFault_Handler
 .text.UsageFault_Handler
                0x0000000008000984        0x6 ./Core/Src/stm32f1xx_it.o
                0x0000000008000984                UsageFault_Handler
 .text.SVC_Handler
                0x000000000800098a        0xc ./Core/Src/stm32f1xx_it.o
                0x000000000800098a                SVC_Handler
 .text.DebugMon_Handler
                0x0000000008000996        0xc ./Core/Src/stm32f1xx_it.o
                0x0000000008000996                DebugMon_Handler
 .text.PendSV_Handler
                0x00000000080009a2        0xc ./Core/Src/stm32f1xx_it.o
                0x00000000080009a2                PendSV_Handler
 .text.SysTick_Handler
                0x00000000080009ae        0xc ./Core/Src/stm32f1xx_it.o
                0x00000000080009ae                SysTick_Handler
 .text.EXTI1_IRQHandler
                0x00000000080009ba        0xe ./Core/Src/stm32f1xx_it.o
                0x00000000080009ba                EXTI1_IRQHandler
 .text.TIM1_UP_IRQHandler
                0x00000000080009c8       0x14 ./Core/Src/stm32f1xx_it.o
                0x00000000080009c8                TIM1_UP_IRQHandler
 .text.SystemInit
                0x00000000080009dc        0xc ./Core/Src/system_stm32f1xx.o
                0x00000000080009dc                SystemInit
 .text.Reset_Handler
                0x00000000080009e8       0x48 ./Core/Startup/startup_stm32f103c8tx.o
                0x00000000080009e8                Reset_Handler
 .text.Default_Handler
                0x0000000008000a30        0x2 ./Core/Startup/startup_stm32f103c8tx.o
                0x0000000008000a30                RTC_Alarm_IRQHandler
                0x0000000008000a30                EXTI2_IRQHandler
                0x0000000008000a30                TIM1_CC_IRQHandler
                0x0000000008000a30                PVD_IRQHandler
                0x0000000008000a30                EXTI3_IRQHandler
                0x0000000008000a30                EXTI0_IRQHandler
                0x0000000008000a30                I2C2_EV_IRQHandler
                0x0000000008000a30                ADC1_2_IRQHandler
                0x0000000008000a30                SPI1_IRQHandler
                0x0000000008000a30                TAMPER_IRQHandler
                0x0000000008000a30                DMA1_Channel4_IRQHandler
                0x0000000008000a30                USART3_IRQHandler
                0x0000000008000a30                RTC_IRQHandler
                0x0000000008000a30                DMA1_Channel7_IRQHandler
                0x0000000008000a30                CAN1_RX1_IRQHandler
                0x0000000008000a30                TIM4_IRQHandler
                0x0000000008000a30                I2C1_EV_IRQHandler
                0x0000000008000a30                DMA1_Channel6_IRQHandler
                0x0000000008000a30                TIM3_IRQHandler
                0x0000000008000a30                RCC_IRQHandler
                0x0000000008000a30                TIM1_TRG_COM_IRQHandler
                0x0000000008000a30                DMA1_Channel1_IRQHandler
                0x0000000008000a30                Default_Handler
                0x0000000008000a30                EXTI15_10_IRQHandler
                0x0000000008000a30                EXTI9_5_IRQHandler
                0x0000000008000a30                SPI2_IRQHandler
                0x0000000008000a30                DMA1_Channel5_IRQHandler
                0x0000000008000a30                EXTI4_IRQHandler
                0x0000000008000a30                USB_LP_CAN1_RX0_IRQHandler
                0x0000000008000a30                USB_HP_CAN1_TX_IRQHandler
                0x0000000008000a30                DMA1_Channel3_IRQHandler
                0x0000000008000a30                WWDG_IRQHandler
                0x0000000008000a30                TIM2_IRQHandler
                0x0000000008000a30                TIM1_BRK_IRQHandler
                0x0000000008000a30                USART2_IRQHandler
                0x0000000008000a30                I2C2_ER_IRQHandler
                0x0000000008000a30                DMA1_Channel2_IRQHandler
                0x0000000008000a30                CAN1_SCE_IRQHandler
                0x0000000008000a30                FLASH_IRQHandler
                0x0000000008000a30                USART1_IRQHandler
                0x0000000008000a30                I2C1_ER_IRQHandler
                0x0000000008000a30                USBWakeUp_IRQHandler
 *fill*         0x0000000008000a32        0x2 
 .text.HAL_Init
                0x0000000008000a34       0x2c ./Drivers/STM32F1xx_HAL_Driver/Src/stm32f1xx_hal.o
                0x0000000008000a34                HAL_Init
 .text.HAL_InitTick
                0x0000000008000a60       0x60 ./Drivers/STM32F1xx_HAL_Driver/Src/stm32f1xx_hal.o
                0x0000000008000a60                HAL_InitTick
 .text.HAL_IncTick
                0x0000000008000ac0       0x24 ./Drivers/STM32F1xx_HAL_Driver/Src/stm32f1xx_hal.o
                0x0000000008000ac0                HAL_IncTick
 .text.HAL_GetTick
                0x0000000008000ae4       0x14 ./Drivers/STM32F1xx_HAL_Driver/Src/stm32f1xx_hal.o
                0x0000000008000ae4                HAL_GetTick
 .text.HAL_SuspendTick
                0x0000000008000af8       0x1c ./Drivers/STM32F1xx_HAL_Driver/Src/stm32f1xx_hal.o
                0x0000000008000af8                HAL_SuspendTick
 .text.HAL_ResumeTick
                0x0000000008000b14       0x1c ./Drivers/STM32F1xx_HAL_Driver/Src/stm32f1xx_hal.o
                0x0000000008000b14                HAL_ResumeTick
 .text.__NVIC_SetPriorityGrouping
                0x0000000008000b30       0x48 ./Drivers/STM32F1xx_HAL_Driver/Src/stm32f1xx_hal_cortex.o
 .text.__NVIC_GetPriorityGrouping
                0x0000000008000b78       0x1c ./Drivers/STM32F1xx_HAL_Driver/Src/stm32f1xx_hal_cortex.o
 .text.__NVIC_EnableIRQ
                0x0000000008000b94       0x38 ./Drivers/STM32F1xx_HAL_Driver/Src/stm32f1xx_hal_cortex.o
 .text.__NVIC_SetPriority
                0x0000000008000bcc       0x54 ./Drivers/STM32F1xx_HAL_Driver/Src/stm32f1xx_hal_cortex.o
 .text.NVIC_EncodePriority
                0x0000000008000c20       0x64 ./Drivers/STM32F1xx_HAL_Driver/Src/stm32f1xx_hal_cortex.o
 .text.SysTick_Config
                0x0000000008000c84       0x44 ./Drivers/STM32F1xx_HAL_Driver/Src/stm32f1xx_hal_cortex.o
 .text.HAL_NVIC_SetPriorityGrouping
                0x0000000008000cc8       0x16 ./Drivers/STM32F1xx_HAL_Driver/Src/stm32f1xx_hal_cortex.o
                0x0000000008000cc8                HAL_NVIC_SetPriorityGrouping
 .text.HAL_NVIC_SetPriority
                0x0000000008000cde       0x38 ./Drivers/STM32F1xx_HAL_Driver/Src/stm32f1xx_hal_cortex.o
                0x0000000008000cde                HAL_NVIC_SetPriority
 .text.HAL_NVIC_EnableIRQ
                0x0000000008000d16       0x1c ./Drivers/STM32F1xx_HAL_Driver/Src/stm32f1xx_hal_cortex.o
                0x0000000008000d16                HAL_NVIC_EnableIRQ
 .text.HAL_SYSTICK_Config
                0x0000000008000d32       0x18 ./Drivers/STM32F1xx_HAL_Driver/Src/stm32f1xx_hal_cortex.o
                0x0000000008000d32                HAL_SYSTICK_Config
 .text.HAL_CRC_Init
                0x0000000008000d4a       0x38 ./Drivers/STM32F1xx_HAL_Driver/Src/stm32f1xx_hal_crc.o
                0x0000000008000d4a                HAL_CRC_Init
 *fill*         0x0000000008000d82        0x2 
 .text.HAL_GPIO_Init
                0x0000000008000d84      0x308 ./Drivers/STM32F1xx_HAL_Driver/Src/stm32f1xx_hal_gpio.o
                0x0000000008000d84                HAL_GPIO_Init
 .text.HAL_GPIO_WritePin
                0x000000000800108c       0x30 ./Drivers/STM32F1xx_HAL_Driver/Src/stm32f1xx_hal_gpio.o
                0x000000000800108c                HAL_GPIO_WritePin
 .text.HAL_GPIO_EXTI_IRQHandler
                0x00000000080010bc       0x30 ./Drivers/STM32F1xx_HAL_Driver/Src/stm32f1xx_hal_gpio.o
                0x00000000080010bc                HAL_GPIO_EXTI_IRQHandler
 .text.HAL_PWR_EnterSLEEPMode
                0x00000000080010ec       0x38 ./Drivers/STM32F1xx_HAL_Driver/Src/stm32f1xx_hal_pwr.o
                0x00000000080010ec                HAL_PWR_EnterSLEEPMode
 .text.HAL_RCC_OscConfig
                0x0000000008001124      0x500 ./Drivers/STM32F1xx_HAL_Driver/Src/stm32f1xx_hal_rcc.o
                0x0000000008001124                HAL_RCC_OscConfig
 .text.HAL_RCC_ClockConfig
                0x0000000008001624      0x1d4 ./Drivers/STM32F1xx_HAL_Driver/Src/stm32f1xx_hal_rcc.o
                0x0000000008001624                HAL_RCC_ClockConfig
 .text.HAL_RCC_GetSysClockFreq
                0x00000000080017f8       0xc0 ./Drivers/STM32F1xx_HAL_Driver/Src/stm32f1xx_hal_rcc.o
                0x00000000080017f8                HAL_RCC_GetSysClockFreq
 .text.HAL_RCC_GetHCLKFreq
                0x00000000080018b8       0x14 ./Drivers/STM32F1xx_HAL_Driver/Src/stm32f1xx_hal_rcc.o
                0x00000000080018b8                HAL_RCC_GetHCLKFreq
 .text.HAL_RCC_GetPCLK1Freq
                0x00000000080018cc       0x28 ./Drivers/STM32F1xx_HAL_Driver/Src/stm32f1xx_hal_rcc.o
                0x00000000080018cc                HAL_RCC_GetPCLK1Freq
 .text.HAL_RCC_GetPCLK2Freq
                0x00000000080018f4       0x28 ./Drivers/STM32F1xx_HAL_Driver/Src/stm32f1xx_hal_rcc.o
                0x00000000080018f4                HAL_RCC_GetPCLK2Freq
 .text.RCC_Delay
                0x000000000800191c       0x3c ./Drivers/STM32F1xx_HAL_Driver/Src/stm32f1xx_hal_rcc.o
 .text.HAL_TIM_Base_Init
                0x0000000008001958       0x9e ./Drivers/STM32F1xx_HAL_Driver/Src/stm32f1xx_hal_tim.o
                0x0000000008001958                HAL_TIM_Base_Init
 .text.HAL_TIM_IRQHandler
                0x00000000080019f6      0x210 ./Drivers/STM32F1xx_HAL_Driver/Src/stm32f1xx_hal_tim.o
                0x00000000080019f6                HAL_TIM_IRQHandler
 .text.HAL_TIM_ConfigClockSource
                0x0000000008001c06      0x188 ./Drivers/STM32F1xx_HAL_Driver/Src/stm32f1xx_hal_tim.o
                0x0000000008001c06                HAL_TIM_ConfigClockSource
 .text.HAL_TIM_PeriodElapsedCallback
                0x0000000008001d8e       0x12 ./Drivers/STM32F1xx_HAL_Driver/Src/stm32f1xx_hal_tim.o
                0x0000000008001d8e                HAL_TIM_PeriodElapsedCallback
 .text.HAL_TIM_OC_DelayElapsedCallback
                0x0000000008001da0       0x12 ./Drivers/STM32F1xx_HAL_Driver/Src/stm32f1xx_hal_tim.o
                0x0000000008001da0                HAL_TIM_OC_DelayElapsedCallback
 .text.HAL_TIM_IC_CaptureCallback
                0x0000000008001db2       0x12 ./Drivers/STM32F1xx_HAL_Driver/Src/stm32f1xx_hal_tim.o
                0x0000000008001db2                HAL_TIM_IC_CaptureCallback
 .text.HAL_TIM_PWM_PulseFinishedCallback
                0x0000000008001dc4       0x12 ./Drivers/STM32F1xx_HAL_Driver/Src/stm32f1xx_hal_tim.o
                0x0000000008001dc4                HAL_TIM_PWM_PulseFinishedCallback
 .text.HAL_TIM_TriggerCallback
                0x0000000008001dd6       0x12 ./Drivers/STM32F1xx_HAL_Driver/Src/stm32f1xx_hal_tim.o
                0x0000000008001dd6                HAL_TIM_TriggerCallback
 .text.TIM_Base_SetConfig
                0x0000000008001de8       0xc4 ./Drivers/STM32F1xx_HAL_Driver/Src/stm32f1xx_hal_tim.o
                0x0000000008001de8                TIM_Base_SetConfig
 .text.TIM_TI1_ConfigInputStage
                0x0000000008001eac       0x5c ./Drivers/STM32F1xx_HAL_Driver/Src/stm32f1xx_hal_tim.o
 .text.TIM_TI2_ConfigInputStage
                0x0000000008001f08       0x5e ./Drivers/STM32F1xx_HAL_Driver/Src/stm32f1xx_hal_tim.o
 .text.TIM_ITRx_SetConfig
                0x0000000008001f66       0x34 ./Drivers/STM32F1xx_HAL_Driver/Src/stm32f1xx_hal_tim.o
 .text.TIM_ETR_SetConfig
                0x0000000008001f9a       0x3e ./Drivers/STM32F1xx_HAL_Driver/Src/stm32f1xx_hal_tim.o
                0x0000000008001f9a                TIM_ETR_SetConfig
 .text.HAL_TIMEx_MasterConfigSynchronization
                0x0000000008001fd8       0xbc ./Drivers/STM32F1xx_HAL_Driver/Src/stm32f1xx_hal_tim_ex.o
                0x0000000008001fd8                HAL_TIMEx_MasterConfigSynchronization
 .text.HAL_TIMEx_CommutCallback
                0x0000000008002094       0x12 ./Drivers/STM32F1xx_HAL_Driver/Src/stm32f1xx_hal_tim_ex.o
                0x0000000008002094                HAL_TIMEx_CommutCallback
 .text.HAL_TIMEx_BreakCallback
                0x00000000080020a6       0x12 ./Drivers/STM32F1xx_HAL_Driver/Src/stm32f1xx_hal_tim_ex.o
                0x00000000080020a6                HAL_TIMEx_BreakCallback
 .text.HAL_UART_Init
                0x00000000080020b8       0x9a ./Drivers/STM32F1xx_HAL_Driver/Src/stm32f1xx_hal_uart.o
                0x00000000080020b8                HAL_UART_Init
 .text.HAL_UART_Transmit
                0x0000000008002152      0x124 ./Drivers/STM32F1xx_HAL_Driver/Src/stm32f1xx_hal_uart.o
                0x0000000008002152                HAL_UART_Transmit
 .text.UART_WaitOnFlagUntilTimeout
                0x0000000008002276       0x94 ./Drivers/STM32F1xx_HAL_Driver/Src/stm32f1xx_hal_uart.o
 *fill*         0x000000000800230a        0x2 
 .text.UART_SetConfig
                0x000000000800230c      0x11c ./Drivers/STM32F1xx_HAL_Driver/Src/stm32f1xx_hal_uart.o
 .text.AES_keyschedule_enc_LL
                0x0000000008002428      0x1c0 C:\STM32\Cube\CryptoTest\Lib\STM32F1\Middlewares\ST\STM32_Cryptographic\Lib\libSTM32CryptographicV3.0.0_CM3_GCC_ot.a(crypto.o)
 .text.AES_keyschedule_enc
                0x00000000080025e8       0x3c C:\STM32\Cube\CryptoTest\Lib\STM32F1\Middlewares\ST\STM32_Cryptographic\Lib\libSTM32CryptographicV3.0.0_CM3_GCC_ot.a(crypto.o)
                0x00000000080025e8                AES_keyschedule_enc
 .text.AES_general_SW_enc
                0x0000000008002624      0x318 C:\STM32\Cube\CryptoTest\Lib\STM32F1\Middlewares\ST\STM32_Cryptographic\Lib\libSTM32CryptographicV3.0.0_CM3_GCC_ot.a(crypto.o)
                0x0000000008002624                AES_general_SW_enc
 .text.AES_CCM_Encrypt_Init
                0x000000000800293c      0x1dc C:\STM32\Cube\CryptoTest\Lib\STM32F1\Middlewares\ST\STM32_Cryptographic\Lib\libSTM32CryptographicV3.0.0_CM3_GCC_ot.a(crypto.o)
                0x000000000800293c                AES_CCM_Encrypt_Init
 .text.AES_CCM_Header_Append
                0x0000000008002b18      0x300 C:\STM32\Cube\CryptoTest\Lib\STM32F1\Middlewares\ST\STM32_Cryptographic\Lib\libSTM32CryptographicV3.0.0_CM3_GCC_ot.a(crypto.o)
                0x0000000008002b18                AES_CCM_Header_Append
 .text.AES_CCM_Encrypt_Append
                0x0000000008002e18      0x728 C:\STM32\Cube\CryptoTest\Lib\STM32F1\Middlewares\ST\STM32_Cryptographic\Lib\libSTM32CryptographicV3.0.0_CM3_GCC_ot.a(crypto.o)
                0x0000000008002e18                AES_CCM_Encrypt_Append
 .text.AES_CCM_Encrypt_Finish
                0x0000000008003540       0xbc C:\STM32\Cube\CryptoTest\Lib\STM32F1\Middlewares\ST\STM32_Cryptographic\Lib\libSTM32CryptographicV3.0.0_CM3_GCC_ot.a(crypto.o)
                0x0000000008003540                AES_CCM_Encrypt_Finish
 .text.AES_CCM_Decrypt_Init
                0x00000000080035fc      0x1dc C:\STM32\Cube\CryptoTest\Lib\STM32F1\Middlewares\ST\STM32_Cryptographic\Lib\libSTM32CryptographicV3.0.0_CM3_GCC_ot.a(crypto.o)
                0x00000000080035fc                AES_CCM_Decrypt_Init
 .text.AES_CCM_Decrypt_Append
                0x00000000080037d8      0x3b4 C:\STM32\Cube\CryptoTest\Lib\STM32F1\Middlewares\ST\STM32_Cryptographic\Lib\libSTM32CryptographicV3.0.0_CM3_GCC_ot.a(crypto.o)
                0x00000000080037d8                AES_CCM_Decrypt_Append
 .text.AES_CCM_Decrypt_Finish
                0x0000000008003b8c      0x18c C:\STM32\Cube\CryptoTest\Lib\STM32F1\Middlewares\ST\STM32_Cryptographic\Lib\libSTM32CryptographicV3.0.0_CM3_GCC_ot.a(crypto.o)
                0x0000000008003b8c                AES_CCM_Decrypt_Finish
 .text.__libc_init_array
                0x0000000008003d18       0x48 c:/st/stm32cubeide_1.7.0/stm32cubeide/plugins/com.st.stm32cube.ide.mcu.externaltools.gnu-tools-for-stm32.9-2020-q2-update.win32_2.0.0.202105311346/tools/bin/../lib/gcc/arm-none-eabi/9.3.1/../../../../arm-none-eabi/lib/thumb/v7-m/nofp\libc_nano.a(lib_a-init.o)
                0x0000000008003d18                __libc_init_array
 .text.memcpy   0x0000000008003d60       0x1c c:/st/stm32cubeide_1.7.0/stm32cubeide/plugins/com.st.stm32cube.ide.mcu.externaltools.gnu-tools-for-stm32.9-2020-q2-update.win32_2.0.0.202105311346/tools/bin/../lib/gcc/arm-none-eabi/9.3.1/../../../../arm-none-eabi/lib/thumb/v7-m/nofp\libc_nano.a(lib_a-memcpy-stub.o)
                0x0000000008003d60                memcpy
 .text.memset   0x0000000008003d7c       0x10 c:/st/stm32cubeide_1.7.0/stm32cubeide/plugins/com.st.stm32cube.ide.mcu.externaltools.gnu-tools-for-stm32.9-2020-q2-update.win32_2.0.0.202105311346/tools/bin/../lib/gcc/arm-none-eabi/9.3.1/../../../../arm-none-eabi/lib/thumb/v7-m/nofp\libc_nano.a(lib_a-memset.o)
                0x0000000008003d7c                memset
 *(.glue_7)
 .glue_7        0x0000000008003d8c        0x0 linker stubs
 *(.glue_7t)
 .glue_7t       0x0000000008003d8c        0x0 linker stubs
 *(.eh_frame)
 .eh_frame      0x0000000008003d8c        0x0 c:/st/stm32cubeide_1.7.0/stm32cubeide/plugins/com.st.stm32cube.ide.mcu.externaltools.gnu-tools-for-stm32.9-2020-q2-update.win32_2.0.0.202105311346/tools/bin/../lib/gcc/arm-none-eabi/9.3.1/thumb/v7-m/nofp/crtbegin.o
 *(.init)
 .init          0x0000000008003d8c        0x4 c:/st/stm32cubeide_1.7.0/stm32cubeide/plugins/com.st.stm32cube.ide.mcu.externaltools.gnu-tools-for-stm32.9-2020-q2-update.win32_2.0.0.202105311346/tools/bin/../lib/gcc/arm-none-eabi/9.3.1/thumb/v7-m/nofp/crti.o
                0x0000000008003d8c                _init
 .init          0x0000000008003d90        0x8 c:/st/stm32cubeide_1.7.0/stm32cubeide/plugins/com.st.stm32cube.ide.mcu.externaltools.gnu-tools-for-stm32.9-2020-q2-update.win32_2.0.0.202105311346/tools/bin/../lib/gcc/arm-none-eabi/9.3.1/thumb/v7-m/nofp/crtn.o
 *(.fini)
 .fini          0x0000000008003d98        0x4 c:/st/stm32cubeide_1.7.0/stm32cubeide/plugins/com.st.stm32cube.ide.mcu.externaltools.gnu-tools-for-stm32.9-2020-q2-update.win32_2.0.0.202105311346/tools/bin/../lib/gcc/arm-none-eabi/9.3.1/thumb/v7-m/nofp/crti.o
                0x0000000008003d98                _fini
 .fini          0x0000000008003d9c        0x8 c:/st/stm32cubeide_1.7.0/stm32cubeide/plugins/com.st.stm32cube.ide.mcu.externaltools.gnu-tools-for-stm32.9-2020-q2-update.win32_2.0.0.202105311346/tools/bin/../lib/gcc/arm-none-eabi/9.3.1/thumb/v7-m/nofp/crtn.o
                0x0000000008003da4                . = ALIGN (0x4)
                0x0000000008003da4                _etext = .

.vfp11_veneer   0x0000000008003da4        0x0
 .vfp11_veneer  0x0000000008003da4        0x0 linker stubs

.v4_bx          0x0000000008003da4        0x0
 .v4_bx         0x0000000008003da4        0x0 linker stubs

.iplt           0x0000000008003da4        0x0
 .iplt          0x0000000008003da4        0x0 c:/st/stm32cubeide_1.7.0/stm32cubeide/plugins/com.st.stm32cube.ide.mcu.externaltools.gnu-tools-for-stm32.9-2020-q2-update.win32_2.0.0.202105311346/tools/bin/../lib/gcc/arm-none-eabi/9.3.1/thumb/v7-m/nofp/crtbegin.o

.rodata         0x0000000008003da4      0x564
                0x0000000008003da4                . = ALIGN (0x4)
 *(.rodata)
 .rodata        0x0000000008003da4       0x10 ./Drivers/STM32F1xx_HAL_Driver/Src/stm32f1xx_hal_rcc.o
 *(.rodata*)
 .rodata.HeaderMessage
                0x0000000008003db4        0x8 ./Core/Src/main.o
                0x0000000008003db4                HeaderMessage
 .rodata.Plaintext
                0x0000000008003dbc        0x4 ./Core/Src/main.o
                0x0000000008003dbc                Plaintext
 .rodata.Expected_Ciphertext
                0x0000000008003dc0        0x8 ./Core/Src/main.o
                0x0000000008003dc0                Expected_Ciphertext
 .rodata.AHBPrescTable
                0x0000000008003dc8       0x10 ./Core/Src/system_stm32f1xx.o
                0x0000000008003dc8                AHBPrescTable
 .rodata.APBPrescTable
                0x0000000008003dd8        0x8 ./Core/Src/system_stm32f1xx.o
                0x0000000008003dd8                APBPrescTable
 .rodata.rcon   0x0000000008003de0       0x28 C:\STM32\Cube\CryptoTest\Lib\STM32F1\Middlewares\ST\STM32_Cryptographic\Lib\libSTM32CryptographicV3.0.0_CM3_GCC_ot.a(crypto.o)
                0x0000000008003de0                rcon
 .rodata.enc_table
                0x0000000008003e08      0x400 C:\STM32\Cube\CryptoTest\Lib\STM32F1\Middlewares\ST\STM32_Cryptographic\Lib\libSTM32CryptographicV3.0.0_CM3_GCC_ot.a(crypto.o)
                0x0000000008003e08                enc_table
 .rodata.Sbox   0x0000000008004208      0x100 C:\STM32\Cube\CryptoTest\Lib\STM32F1\Middlewares\ST\STM32_Cryptographic\Lib\libSTM32CryptographicV3.0.0_CM3_GCC_ot.a(crypto.o)
                0x0000000008004208                Sbox
                0x0000000008004308                . = ALIGN (0x4)

.rel.dyn        0x0000000008004308        0x0
 .rel.iplt      0x0000000008004308        0x0 c:/st/stm32cubeide_1.7.0/stm32cubeide/plugins/com.st.stm32cube.ide.mcu.externaltools.gnu-tools-for-stm32.9-2020-q2-update.win32_2.0.0.202105311346/tools/bin/../lib/gcc/arm-none-eabi/9.3.1/thumb/v7-m/nofp/crtbegin.o

.ARM.extab      0x0000000008004308        0x0
                0x0000000008004308                . = ALIGN (0x4)
 *(.ARM.extab* .gnu.linkonce.armextab.*)
                0x0000000008004308                . = ALIGN (0x4)

.ARM            0x0000000008004308        0x0
                0x0000000008004308                . = ALIGN (0x4)
                0x0000000008004308                __exidx_start = .
 *(.ARM.exidx*)
                0x0000000008004308                __exidx_end = .
                0x0000000008004308                . = ALIGN (0x4)

.preinit_array  0x0000000008004308        0x0
                0x0000000008004308                . = ALIGN (0x4)
                0x0000000008004308                PROVIDE (__preinit_array_start = .)
 *(.preinit_array*)
                0x0000000008004308                PROVIDE (__preinit_array_end = .)
                0x0000000008004308                . = ALIGN (0x4)

.init_array     0x0000000008004308        0x4
                0x0000000008004308                . = ALIGN (0x4)
                0x0000000008004308                PROVIDE (__init_array_start = .)
 *(SORT_BY_NAME(.init_array.*))
 *(.init_array*)
 .init_array    0x0000000008004308        0x4 c:/st/stm32cubeide_1.7.0/stm32cubeide/plugins/com.st.stm32cube.ide.mcu.externaltools.gnu-tools-for-stm32.9-2020-q2-update.win32_2.0.0.202105311346/tools/bin/../lib/gcc/arm-none-eabi/9.3.1/thumb/v7-m/nofp/crtbegin.o
                0x000000000800430c                PROVIDE (__init_array_end = .)
                0x000000000800430c                . = ALIGN (0x4)

.fini_array     0x000000000800430c        0x4
                0x000000000800430c                . = ALIGN (0x4)
                [!provide]                        PROVIDE (__fini_array_start = .)
 *(SORT_BY_NAME(.fini_array.*))
 *(.fini_array*)
 .fini_array    0x000000000800430c        0x4 c:/st/stm32cubeide_1.7.0/stm32cubeide/plugins/com.st.stm32cube.ide.mcu.externaltools.gnu-tools-for-stm32.9-2020-q2-update.win32_2.0.0.202105311346/tools/bin/../lib/gcc/arm-none-eabi/9.3.1/thumb/v7-m/nofp/crtbegin.o
                [!provide]                        PROVIDE (__fini_array_end = .)
                0x0000000008004310                . = ALIGN (0x4)
                0x0000000008004310                _sidata = LOADADDR (.data)

.data           0x0000000020000000       0x2c load address 0x0000000008004310
                0x0000000020000000                . = ALIGN (0x4)
                0x0000000020000000                _sdata = .
 *(.data)
 *(.data*)
 .data.HeaderLength
                0x0000000020000000        0x4 ./Core/Src/main.o
                0x0000000020000000                HeaderLength
 .data.InputLength
                0x0000000020000004        0x4 ./Core/Src/main.o
                0x0000000020000004                InputLength
 .data.Key      0x0000000020000008       0x10 ./Core/Src/main.o
                0x0000000020000008                Key
 .data.IV       0x0000000020000018        0x7 ./Core/Src/main.o
                0x0000000020000018                IV
 *fill*         0x000000002000001f        0x1 
 .data.SystemCoreClock
                0x0000000020000020        0x4 ./Core/Src/system_stm32f1xx.o
                0x0000000020000020                SystemCoreClock
 .data.uwTickPrio
                0x0000000020000024        0x4 ./Drivers/STM32F1xx_HAL_Driver/Src/stm32f1xx_hal.o
                0x0000000020000024                uwTickPrio
 .data.uwTickFreq
                0x0000000020000028        0x1 ./Drivers/STM32F1xx_HAL_Driver/Src/stm32f1xx_hal.o
                0x0000000020000028                uwTickFreq
 *(.RamFunc)
 *(.RamFunc*)
                0x000000002000002c                . = ALIGN (0x4)
 *fill*         0x0000000020000029        0x3 
                0x000000002000002c                _edata = .

.igot.plt       0x000000002000002c        0x0 load address 0x000000000800433c
 .igot.plt      0x000000002000002c        0x0 c:/st/stm32cubeide_1.7.0/stm32cubeide/plugins/com.st.stm32cube.ide.mcu.externaltools.gnu-tools-for-stm32.9-2020-q2-update.win32_2.0.0.202105311346/tools/bin/../lib/gcc/arm-none-eabi/9.3.1/thumb/v7-m/nofp/crtbegin.o
                0x000000002000002c                . = ALIGN (0x4)

.bss            0x000000002000002c      0x18c load address 0x000000000800433c
                0x000000002000002c                _sbss = .
                0x000000002000002c                __bss_start__ = _sbss
 *(.bss)
 .bss           0x000000002000002c       0x1c c:/st/stm32cubeide_1.7.0/stm32cubeide/plugins/com.st.stm32cube.ide.mcu.externaltools.gnu-tools-for-stm32.9-2020-q2-update.win32_2.0.0.202105311346/tools/bin/../lib/gcc/arm-none-eabi/9.3.1/thumb/v7-m/nofp/crtbegin.o
 *(.bss*)
 .bss.time_Decrypt
                0x0000000020000048        0x4 ./Core/Src/global_param.o
                0x0000000020000048                time_Decrypt
 .bss.encrypt_OutputMessageLength
                0x000000002000004c        0x4 ./Core/Src/main.o
                0x000000002000004c                encrypt_OutputMessageLength
 .bss.decrypt_OutputMessageLength
                0x0000000020000050        0x4 ./Core/Src/main.o
                0x0000000020000050                decrypt_OutputMessageLength
 .bss.AuthenticationTAGLength
                0x0000000020000054        0x4 ./Core/Src/main.o
                0x0000000020000054                AuthenticationTAGLength
 .bss.status    0x0000000020000058        0x4 ./Core/Src/main.o
                0x0000000020000058                status
 .bss.Decrypting_Time
                0x000000002000005c        0x4 ./Core/Src/main.o
                0x000000002000005c                Decrypting_Time
 *(COMMON)
 COMMON         0x0000000020000060      0x154 ./Core/Src/main.o
                0x0000000020000060                encrypt_OutputMessage
                0x00000000200000a0                hcrc
                0x00000000200000a8                tag
                0x00000000200000e8                huart1
                0x000000002000012c                htim1
                0x0000000020000174                decrypt_OutputMessage
 COMMON         0x00000000200001b4        0x4 ./Drivers/STM32F1xx_HAL_Driver/Src/stm32f1xx_hal.o
                0x00000000200001b4                uwTick
                0x00000000200001b8                . = ALIGN (0x4)
                0x00000000200001b8                _ebss = .
                0x00000000200001b8                __bss_end__ = _ebss

._user_heap_stack
                0x00000000200001b8      0x600 load address 0x000000000800433c
                0x00000000200001b8                . = ALIGN (0x8)
                [!provide]                        PROVIDE (end = .)
                0x00000000200001b8                PROVIDE (_end = .)
                0x00000000200003b8                . = (. + _Min_Heap_Size)
 *fill*         0x00000000200001b8      0x200 
                0x00000000200007b8                . = (. + _Min_Stack_Size)
 *fill*         0x00000000200003b8      0x400 
                0x00000000200007b8                . = ALIGN (0x8)

/DISCARD/
 libc.a(*)
 libm.a(*)
 libgcc.a(*)

.ARM.attributes
                0x0000000000000000       0x29
 *(.ARM.attributes)
 .ARM.attributes
                0x0000000000000000       0x1d c:/st/stm32cubeide_1.7.0/stm32cubeide/plugins/com.st.stm32cube.ide.mcu.externaltools.gnu-tools-for-stm32.9-2020-q2-update.win32_2.0.0.202105311346/tools/bin/../lib/gcc/arm-none-eabi/9.3.1/thumb/v7-m/nofp/crti.o
 .ARM.attributes
                0x000000000000001d       0x2d c:/st/stm32cubeide_1.7.0/stm32cubeide/plugins/com.st.stm32cube.ide.mcu.externaltools.gnu-tools-for-stm32.9-2020-q2-update.win32_2.0.0.202105311346/tools/bin/../lib/gcc/arm-none-eabi/9.3.1/thumb/v7-m/nofp/crtbegin.o
 .ARM.attributes
                0x000000000000004a       0x33 ./Core/Src/global_param.o
 .ARM.attributes
                0x000000000000007d       0x2d ./Core/Src/main.o
 .ARM.attributes
                0x00000000000000aa       0x2d ./Core/Src/stm32f1xx_hal_msp.o
 .ARM.attributes
                0x00000000000000d7       0x2d ./Core/Src/stm32f1xx_it.o
 .ARM.attributes
                0x0000000000000104       0x2d ./Core/Src/system_stm32f1xx.o
 .ARM.attributes
                0x0000000000000131       0x21 ./Core/Startup/startup_stm32f103c8tx.o
 .ARM.attributes
                0x0000000000000152       0x2d ./Drivers/STM32F1xx_HAL_Driver/Src/stm32f1xx_hal.o
 .ARM.attributes
                0x000000000000017f       0x2d ./Drivers/STM32F1xx_HAL_Driver/Src/stm32f1xx_hal_cortex.o
 .ARM.attributes
                0x00000000000001ac       0x2d ./Drivers/STM32F1xx_HAL_Driver/Src/stm32f1xx_hal_crc.o
 .ARM.attributes
                0x00000000000001d9       0x2d ./Drivers/STM32F1xx_HAL_Driver/Src/stm32f1xx_hal_gpio.o
 .ARM.attributes
                0x0000000000000206       0x2d ./Drivers/STM32F1xx_HAL_Driver/Src/stm32f1xx_hal_pwr.o
 .ARM.attributes
                0x0000000000000233       0x2d ./Drivers/STM32F1xx_HAL_Driver/Src/stm32f1xx_hal_rcc.o
 .ARM.attributes
                0x0000000000000260       0x2d ./Drivers/STM32F1xx_HAL_Driver/Src/stm32f1xx_hal_tim.o
 .ARM.attributes
                0x000000000000028d       0x2d ./Drivers/STM32F1xx_HAL_Driver/Src/stm32f1xx_hal_tim_ex.o
 .ARM.attributes
                0x00000000000002ba       0x2d ./Drivers/STM32F1xx_HAL_Driver/Src/stm32f1xx_hal_uart.o
 .ARM.attributes
                0x00000000000002e7       0x2f C:\STM32\Cube\CryptoTest\Lib\STM32F1\Middlewares\ST\STM32_Cryptographic\Lib\libSTM32CryptographicV3.0.0_CM3_GCC_ot.a(crypto.o)
 .ARM.attributes
                0x0000000000000316       0x2d c:/st/stm32cubeide_1.7.0/stm32cubeide/plugins/com.st.stm32cube.ide.mcu.externaltools.gnu-tools-for-stm32.9-2020-q2-update.win32_2.0.0.202105311346/tools/bin/../lib/gcc/arm-none-eabi/9.3.1/../../../../arm-none-eabi/lib/thumb/v7-m/nofp\libc_nano.a(lib_a-init.o)
 .ARM.attributes
                0x0000000000000343       0x2d c:/st/stm32cubeide_1.7.0/stm32cubeide/plugins/com.st.stm32cube.ide.mcu.externaltools.gnu-tools-for-stm32.9-2020-q2-update.win32_2.0.0.202105311346/tools/bin/../lib/gcc/arm-none-eabi/9.3.1/../../../../arm-none-eabi/lib/thumb/v7-m/nofp\libc_nano.a(lib_a-memcpy-stub.o)
 .ARM.attributes
                0x0000000000000370       0x2d c:/st/stm32cubeide_1.7.0/stm32cubeide/plugins/com.st.stm32cube.ide.mcu.externaltools.gnu-tools-for-stm32.9-2020-q2-update.win32_2.0.0.202105311346/tools/bin/../lib/gcc/arm-none-eabi/9.3.1/../../../../arm-none-eabi/lib/thumb/v7-m/nofp\libc_nano.a(lib_a-memset.o)
 .ARM.attributes
                0x000000000000039d       0x1d c:/st/stm32cubeide_1.7.0/stm32cubeide/plugins/com.st.stm32cube.ide.mcu.externaltools.gnu-tools-for-stm32.9-2020-q2-update.win32_2.0.0.202105311346/tools/bin/../lib/gcc/arm-none-eabi/9.3.1/thumb/v7-m/nofp/crtn.o
OUTPUT(CryptoTest.elf elf32-littlearm)
LOAD linker stubs
LOAD c:/st/stm32cubeide_1.7.0/stm32cubeide/plugins/com.st.stm32cube.ide.mcu.externaltools.gnu-tools-for-stm32.9-2020-q2-update.win32_2.0.0.202105311346/tools/bin/../lib/gcc/arm-none-eabi/9.3.1/../../../../arm-none-eabi/lib/thumb/v7-m/nofp\libc.a
LOAD c:/st/stm32cubeide_1.7.0/stm32cubeide/plugins/com.st.stm32cube.ide.mcu.externaltools.gnu-tools-for-stm32.9-2020-q2-update.win32_2.0.0.202105311346/tools/bin/../lib/gcc/arm-none-eabi/9.3.1/../../../../arm-none-eabi/lib/thumb/v7-m/nofp\libm.a
LOAD c:/st/stm32cubeide_1.7.0/stm32cubeide/plugins/com.st.stm32cube.ide.mcu.externaltools.gnu-tools-for-stm32.9-2020-q2-update.win32_2.0.0.202105311346/tools/bin/../lib/gcc/arm-none-eabi/9.3.1/thumb/v7-m/nofp\libgcc.a

.debug_info     0x0000000000000000     0xcdee
 .debug_info    0x0000000000000000       0x9a ./Core/Src/global_param.o
 .debug_info    0x000000000000009a     0x1dee ./Core/Src/main.o
 .debug_info    0x0000000000001e88     0x183d ./Core/Src/stm32f1xx_hal_msp.o
 .debug_info    0x00000000000036c5     0x1096 ./Core/Src/stm32f1xx_it.o
 .debug_info    0x000000000000475b      0x2be ./Core/Src/system_stm32f1xx.o
 .debug_info    0x0000000000004a19       0x22 ./Core/Startup/startup_stm32f103c8tx.o
 .debug_info    0x0000000000004a3b      0x76a ./Drivers/STM32F1xx_HAL_Driver/Src/stm32f1xx_hal.o
 .debug_info    0x00000000000051a5      0xbdc ./Drivers/STM32F1xx_HAL_Driver/Src/stm32f1xx_hal_cortex.o
 .debug_info    0x0000000000005d81      0x47a ./Drivers/STM32F1xx_HAL_Driver/Src/stm32f1xx_hal_crc.o
 .debug_info    0x00000000000061fb      0x701 ./Drivers/STM32F1xx_HAL_Driver/Src/stm32f1xx_hal_gpio.o
 .debug_info    0x00000000000068fc      0x730 ./Drivers/STM32F1xx_HAL_Driver/Src/stm32f1xx_hal_pwr.o
 .debug_info    0x000000000000702c      0x88e ./Drivers/STM32F1xx_HAL_Driver/Src/stm32f1xx_hal_rcc.o
 .debug_info    0x00000000000078ba     0x2a45 ./Drivers/STM32F1xx_HAL_Driver/Src/stm32f1xx_hal_tim.o
 .debug_info    0x000000000000a2ff     0x14d5 ./Drivers/STM32F1xx_HAL_Driver/Src/stm32f1xx_hal_tim_ex.o
 .debug_info    0x000000000000b7d4     0x161a ./Drivers/STM32F1xx_HAL_Driver/Src/stm32f1xx_hal_uart.o

.debug_abbrev   0x0000000000000000     0x1ddb
 .debug_abbrev  0x0000000000000000       0x5a ./Core/Src/global_param.o
 .debug_abbrev  0x000000000000005a      0x344 ./Core/Src/main.o
 .debug_abbrev  0x000000000000039e      0x250 ./Core/Src/stm32f1xx_hal_msp.o
 .debug_abbrev  0x00000000000005ee      0x1f3 ./Core/Src/stm32f1xx_it.o
 .debug_abbrev  0x00000000000007e1      0x14e ./Core/Src/system_stm32f1xx.o
 .debug_abbrev  0x000000000000092f       0x12 ./Core/Startup/startup_stm32f103c8tx.o
 .debug_abbrev  0x0000000000000941      0x1ed ./Drivers/STM32F1xx_HAL_Driver/Src/stm32f1xx_hal.o
 .debug_abbrev  0x0000000000000b2e      0x313 ./Drivers/STM32F1xx_HAL_Driver/Src/stm32f1xx_hal_cortex.o
 .debug_abbrev  0x0000000000000e41      0x1dd ./Drivers/STM32F1xx_HAL_Driver/Src/stm32f1xx_hal_crc.o
 .debug_abbrev  0x000000000000101e      0x1e8 ./Drivers/STM32F1xx_HAL_Driver/Src/stm32f1xx_hal_gpio.o
 .debug_abbrev  0x0000000000001206      0x213 ./Drivers/STM32F1xx_HAL_Driver/Src/stm32f1xx_hal_pwr.o
 .debug_abbrev  0x0000000000001419      0x273 ./Drivers/STM32F1xx_HAL_Driver/Src/stm32f1xx_hal_rcc.o
 .debug_abbrev  0x000000000000168c      0x25e ./Drivers/STM32F1xx_HAL_Driver/Src/stm32f1xx_hal_tim.o
 .debug_abbrev  0x00000000000018ea      0x266 ./Drivers/STM32F1xx_HAL_Driver/Src/stm32f1xx_hal_tim_ex.o
 .debug_abbrev  0x0000000000001b50      0x28b ./Drivers/STM32F1xx_HAL_Driver/Src/stm32f1xx_hal_uart.o

.debug_aranges  0x0000000000000000      0xc98
 .debug_aranges
                0x0000000000000000       0x18 ./Core/Src/global_param.o
 .debug_aranges
                0x0000000000000018       0x70 ./Core/Src/main.o
 .debug_aranges
                0x0000000000000088       0x58 ./Core/Src/stm32f1xx_hal_msp.o
 .debug_aranges
                0x00000000000000e0       0x70 ./Core/Src/stm32f1xx_it.o
 .debug_aranges
                0x0000000000000150       0x28 ./Core/Src/system_stm32f1xx.o
 .debug_aranges
                0x0000000000000178       0x28 ./Core/Startup/startup_stm32f103c8tx.o
 .debug_aranges
                0x00000000000001a0       0xe0 ./Drivers/STM32F1xx_HAL_Driver/Src/stm32f1xx_hal.o
 .debug_aranges
                0x0000000000000280      0x100 ./Drivers/STM32F1xx_HAL_Driver/Src/stm32f1xx_hal_cortex.o
 .debug_aranges
                0x0000000000000380       0x50 ./Drivers/STM32F1xx_HAL_Driver/Src/stm32f1xx_hal_crc.o
 .debug_aranges
                0x00000000000003d0       0x58 ./Drivers/STM32F1xx_HAL_Driver/Src/stm32f1xx_hal_gpio.o
 .debug_aranges
                0x0000000000000428       0xa8 ./Drivers/STM32F1xx_HAL_Driver/Src/stm32f1xx_hal_pwr.o
 .debug_aranges
                0x00000000000004d0       0x90 ./Drivers/STM32F1xx_HAL_Driver/Src/stm32f1xx_hal_rcc.o
 .debug_aranges
                0x0000000000000560      0x3d0 ./Drivers/STM32F1xx_HAL_Driver/Src/stm32f1xx_hal_tim.o
 .debug_aranges
                0x0000000000000930      0x168 ./Drivers/STM32F1xx_HAL_Driver/Src/stm32f1xx_hal_tim_ex.o
 .debug_aranges
                0x0000000000000a98      0x200 ./Drivers/STM32F1xx_HAL_Driver/Src/stm32f1xx_hal_uart.o

.debug_macro    0x0000000000000000    0x18d21
 .debug_macro   0x0000000000000000       0x6d ./Core/Src/global_param.o
 .debug_macro   0x000000000000006d      0xa9c ./Core/Src/global_param.o
 .debug_macro   0x0000000000000b09       0x22 ./Core/Src/global_param.o
 .debug_macro   0x0000000000000b2b       0x8e ./Core/Src/global_param.o
 .debug_macro   0x0000000000000bb9       0x51 ./Core/Src/global_param.o
 .debug_macro   0x0000000000000c0a      0x103 ./Core/Src/global_param.o
 .debug_macro   0x0000000000000d0d       0x6a ./Core/Src/global_param.o
 .debug_macro   0x0000000000000d77      0x1df ./Core/Src/global_param.o
 .debug_macro   0x0000000000000f56      0x5f7 ./Core/Src/main.o
 .debug_macro   0x000000000000154d      0x221 ./Core/Src/main.o
 .debug_macro   0x000000000000176e       0x2e ./Core/Src/main.o
 .debug_macro   0x000000000000179c       0x22 ./Core/Src/main.o
 .debug_macro   0x00000000000017be       0x1c ./Core/Src/main.o
 .debug_macro   0x00000000000017da       0x22 ./Core/Src/main.o
 .debug_macro   0x00000000000017fc       0xc3 ./Core/Src/main.o
 .debug_macro   0x00000000000018bf      0xd23 ./Core/Src/main.o
 .debug_macro   0x00000000000025e2     0xe09e ./Core/Src/main.o
 .debug_macro   0x0000000000010680       0x6d ./Core/Src/main.o
 .debug_macro   0x00000000000106ed     0x3468 ./Core/Src/main.o
 .debug_macro   0x0000000000013b55      0x174 ./Core/Src/main.o
 .debug_macro   0x0000000000013cc9       0x5c ./Core/Src/main.o
 .debug_macro   0x0000000000013d25      0x5be ./Core/Src/main.o
 .debug_macro   0x00000000000142e3      0x289 ./Core/Src/main.o
 .debug_macro   0x000000000001456c      0x1cb ./Core/Src/main.o
 .debug_macro   0x0000000000014737      0x114 ./Core/Src/main.o
 .debug_macro   0x000000000001484b      0x1b2 ./Core/Src/main.o
 .debug_macro   0x00000000000149fd       0x27 ./Core/Src/main.o
 .debug_macro   0x0000000000014a24      0x136 ./Core/Src/main.o
 .debug_macro   0x0000000000014b5a      0x1bc ./Core/Src/main.o
 .debug_macro   0x0000000000014d16       0x34 ./Core/Src/main.o
 .debug_macro   0x0000000000014d4a       0x3c ./Core/Src/main.o
 .debug_macro   0x0000000000014d86       0x57 ./Core/Src/main.o
 .debug_macro   0x0000000000014ddd       0x22 ./Core/Src/main.o
 .debug_macro   0x0000000000014dff       0x88 ./Core/Src/main.o
 .debug_macro   0x0000000000014e87      0x241 ./Core/Src/main.o
 .debug_macro   0x00000000000150c8      0x141 ./Core/Src/main.o
 .debug_macro   0x0000000000015209      0x8d1 ./Core/Src/main.o
 .debug_macro   0x0000000000015ada      0x279 ./Core/Src/main.o
 .debug_macro   0x0000000000015d53       0x83 ./Core/Src/main.o
 .debug_macro   0x0000000000015dd6      0x146 ./Core/Src/main.o
 .debug_macro   0x0000000000015f1c       0x42 ./Core/Src/main.o
 .debug_macro   0x0000000000015f5e       0x18 ./Core/Src/main.o
 .debug_macro   0x0000000000015f76       0x52 ./Core/Src/main.o
 .debug_macro   0x0000000000015fc8       0x3c ./Core/Src/main.o
 .debug_macro   0x0000000000016004       0x34 ./Core/Src/main.o
 .debug_macro   0x0000000000016038       0x16 ./Core/Src/main.o
 .debug_macro   0x000000000001604e       0x35 ./Core/Src/main.o
 .debug_macro   0x0000000000016083       0x16 ./Core/Src/main.o
 .debug_macro   0x0000000000016099       0x43 ./Core/Src/main.o
 .debug_macro   0x00000000000160dc       0x34 ./Core/Src/main.o
 .debug_macro   0x0000000000016110       0x10 ./Core/Src/main.o
 .debug_macro   0x0000000000016120       0x58 ./Core/Src/main.o
 .debug_macro   0x0000000000016178       0x71 ./Core/Src/main.o
 .debug_macro   0x00000000000161e9       0x1c ./Core/Src/main.o
 .debug_macro   0x0000000000016205      0x12a ./Core/Src/main.o
 .debug_macro   0x000000000001632f      0x333 ./Core/Src/main.o
 .debug_macro   0x0000000000016662       0x16 ./Core/Src/main.o
 .debug_macro   0x0000000000016678       0x29 ./Core/Src/main.o
 .debug_macro   0x00000000000166a1       0x78 ./Core/Src/main.o
 .debug_macro   0x0000000000016719      0x214 ./Core/Src/main.o
 .debug_macro   0x000000000001692d       0x82 ./Core/Src/main.o
 .debug_macro   0x00000000000169af       0x6d ./Core/Src/main.o
 .debug_macro   0x0000000000016a1c       0x3a ./Core/Src/main.o
 .debug_macro   0x0000000000016a56       0x16 ./Core/Src/main.o
 .debug_macro   0x0000000000016a6c       0x16 ./Core/Src/main.o
 .debug_macro   0x0000000000016a82       0x16 ./Core/Src/main.o
 .debug_macro   0x0000000000016a98       0x10 ./Core/Src/main.o
 .debug_macro   0x0000000000016aa8       0x10 ./Core/Src/main.o
 .debug_macro   0x0000000000016ab8       0x10 ./Core/Src/main.o
 .debug_macro   0x0000000000016ac8       0x10 ./Core/Src/main.o
 .debug_macro   0x0000000000016ad8       0x10 ./Core/Src/main.o
 .debug_macro   0x0000000000016ae8       0x10 ./Core/Src/main.o
 .debug_macro   0x0000000000016af8       0x34 ./Core/Src/main.o
 .debug_macro   0x0000000000016b2c       0x10 ./Core/Src/main.o
 .debug_macro   0x0000000000016b3c       0x3a ./Core/Src/main.o
 .debug_macro   0x0000000000016b76       0x16 ./Core/Src/main.o
 .debug_macro   0x0000000000016b8c       0x1c ./Core/Src/main.o
 .debug_macro   0x0000000000016ba8       0x1c ./Core/Src/main.o
 .debug_macro   0x0000000000016bc4       0x10 ./Core/Src/main.o
 .debug_macro   0x0000000000016bd4       0x10 ./Core/Src/main.o
 .debug_macro   0x0000000000016be4       0x1c ./Core/Src/main.o
 .debug_macro   0x0000000000016c00       0x52 ./Core/Src/main.o
 .debug_macro   0x0000000000016c52       0x22 ./Core/Src/main.o
 .debug_macro   0x0000000000016c74       0x10 ./Core/Src/main.o
 .debug_macro   0x0000000000016c84       0x40 ./Core/Src/main.o
 .debug_macro   0x0000000000016cc4       0xd5 ./Core/Src/main.o
 .debug_macro   0x0000000000016d99       0x1c ./Core/Src/main.o
 .debug_macro   0x0000000000016db5       0x3d ./Core/Src/main.o
 .debug_macro   0x0000000000016df2       0x16 ./Core/Src/main.o
 .debug_macro   0x0000000000016e08      0x145 ./Core/Src/main.o
 .debug_macro   0x0000000000016f4d       0x3a ./Core/Src/main.o
 .debug_macro   0x0000000000016f87      0x5e5 ./Core/Src/stm32f1xx_hal_msp.o
 .debug_macro   0x000000000001756c      0x5f0 ./Core/Src/stm32f1xx_it.o
 .debug_macro   0x0000000000017b5c      0x1ad ./Core/Src/system_stm32f1xx.o
 .debug_macro   0x0000000000017d09      0x1d1 ./Drivers/STM32F1xx_HAL_Driver/Src/stm32f1xx_hal.o
 .debug_macro   0x0000000000017eda      0x1ad ./Drivers/STM32F1xx_HAL_Driver/Src/stm32f1xx_hal_cortex.o
 .debug_macro   0x0000000000018087      0x1ad ./Drivers/STM32F1xx_HAL_Driver/Src/stm32f1xx_hal_crc.o
 .debug_macro   0x0000000000018234      0x218 ./Drivers/STM32F1xx_HAL_Driver/Src/stm32f1xx_hal_gpio.o
 .debug_macro   0x000000000001844c      0x20d ./Drivers/STM32F1xx_HAL_Driver/Src/stm32f1xx_hal_pwr.o
 .debug_macro   0x0000000000018659      0x1bf ./Drivers/STM32F1xx_HAL_Driver/Src/stm32f1xx_hal_rcc.o
 .debug_macro   0x0000000000018818      0x1ae ./Drivers/STM32F1xx_HAL_Driver/Src/stm32f1xx_hal_tim.o
 .debug_macro   0x00000000000189c6      0x1ad ./Drivers/STM32F1xx_HAL_Driver/Src/stm32f1xx_hal_tim_ex.o
 .debug_macro   0x0000000000018b73      0x1ae ./Drivers/STM32F1xx_HAL_Driver/Src/stm32f1xx_hal_uart.o

.debug_line     0x0000000000000000    0x1024d
 .debug_line    0x0000000000000000      0x398 ./Core/Src/global_param.o
 .debug_line    0x0000000000000398     0x1db5 ./Core/Src/main.o
 .debug_line    0x000000000000214d     0x1bee ./Core/Src/stm32f1xx_hal_msp.o
 .debug_line    0x0000000000003d3b     0x1bec ./Core/Src/stm32f1xx_it.o
 .debug_line    0x0000000000005927      0x712 ./Core/Src/system_stm32f1xx.o
 .debug_line    0x0000000000006039       0x87 ./Core/Startup/startup_stm32f103c8tx.o
 .debug_line    0x00000000000060c0      0x93f ./Drivers/STM32F1xx_HAL_Driver/Src/stm32f1xx_hal.o
 .debug_line    0x00000000000069ff      0xb27 ./Drivers/STM32F1xx_HAL_Driver/Src/stm32f1xx_hal_cortex.o
 .debug_line    0x0000000000007526      0x7da ./Drivers/STM32F1xx_HAL_Driver/Src/stm32f1xx_hal_crc.o
 .debug_line    0x0000000000007d00      0x9d6 ./Drivers/STM32F1xx_HAL_Driver/Src/stm32f1xx_hal_gpio.o
 .debug_line    0x00000000000086d6      0x8c1 ./Drivers/STM32F1xx_HAL_Driver/Src/stm32f1xx_hal_pwr.o
 .debug_line    0x0000000000008f97      0xd4d ./Drivers/STM32F1xx_HAL_Driver/Src/stm32f1xx_hal_rcc.o
 .debug_line    0x0000000000009ce4     0x32e8 ./Drivers/STM32F1xx_HAL_Driver/Src/stm32f1xx_hal_tim.o
 .debug_line    0x000000000000cfcc     0x1867 ./Drivers/STM32F1xx_HAL_Driver/Src/stm32f1xx_hal_tim_ex.o
 .debug_line    0x000000000000e833     0x1a1a ./Drivers/STM32F1xx_HAL_Driver/Src/stm32f1xx_hal_uart.o

.debug_str      0x0000000000000000    0x8d3ae
 .debug_str     0x0000000000000000     0x3b3d ./Core/Src/global_param.o
                                       0x3ca6 (size before relaxing)
 .debug_str     0x0000000000003b3d    0x86c87 ./Core/Src/main.o
                                      0x8ada8 (size before relaxing)
 .debug_str     0x000000000008a7c4       0xeb ./Core/Src/stm32f1xx_hal_msp.o
                                      0x8a876 (size before relaxing)
 .debug_str     0x000000000008a8af       0xce ./Core/Src/stm32f1xx_it.o
                                      0x8a28e (size before relaxing)
 .debug_str     0x000000000008a97d       0x52 ./Core/Src/system_stm32f1xx.o
                                      0x835b1 (size before relaxing)
 .debug_str     0x000000000008a9cf       0x36 ./Core/Startup/startup_stm32f103c8tx.o
                                         0x55 (size before relaxing)
 .debug_str     0x000000000008aa05      0x304 ./Drivers/STM32F1xx_HAL_Driver/Src/stm32f1xx_hal.o
                                      0x83c42 (size before relaxing)
 .debug_str     0x000000000008ad09      0x300 ./Drivers/STM32F1xx_HAL_Driver/Src/stm32f1xx_hal_cortex.o
                                      0x83c4a (size before relaxing)
 .debug_str     0x000000000008b009       0x95 ./Drivers/STM32F1xx_HAL_Driver/Src/stm32f1xx_hal_crc.o
                                      0x8371f (size before relaxing)
 .debug_str     0x000000000008b09e      0x2ff ./Drivers/STM32F1xx_HAL_Driver/Src/stm32f1xx_hal_gpio.o
                                      0x83975 (size before relaxing)
 .debug_str     0x000000000008b39d      0x507 ./Drivers/STM32F1xx_HAL_Driver/Src/stm32f1xx_hal_pwr.o
                                      0x83b14 (size before relaxing)
 .debug_str     0x000000000008b8a4      0x243 ./Drivers/STM32F1xx_HAL_Driver/Src/stm32f1xx_hal_rcc.o
                                      0x839ae (size before relaxing)
 .debug_str     0x000000000008bae7      0xdec ./Drivers/STM32F1xx_HAL_Driver/Src/stm32f1xx_hal_tim.o
                                      0x84980 (size before relaxing)
 .debug_str     0x000000000008c8d3      0x4ee ./Drivers/STM32F1xx_HAL_Driver/Src/stm32f1xx_hal_tim_ex.o
                                      0x84131 (size before relaxing)
 .debug_str     0x000000000008cdc1      0x5ed ./Drivers/STM32F1xx_HAL_Driver/Src/stm32f1xx_hal_uart.o
                                      0x83fa0 (size before relaxing)

.comment        0x0000000000000000       0xd5
 .comment       0x0000000000000000       0x53 ./Core/Src/global_param.o
                                         0x54 (size before relaxing)
 .comment       0x0000000000000053       0x54 ./Core/Src/main.o
 .comment       0x0000000000000053       0x54 ./Core/Src/stm32f1xx_hal_msp.o
 .comment       0x0000000000000053       0x54 ./Core/Src/stm32f1xx_it.o
 .comment       0x0000000000000053       0x54 ./Core/Src/system_stm32f1xx.o
 .comment       0x0000000000000053       0x54 ./Drivers/STM32F1xx_HAL_Driver/Src/stm32f1xx_hal.o
 .comment       0x0000000000000053       0x54 ./Drivers/STM32F1xx_HAL_Driver/Src/stm32f1xx_hal_cortex.o
 .comment       0x0000000000000053       0x54 ./Drivers/STM32F1xx_HAL_Driver/Src/stm32f1xx_hal_crc.o
 .comment       0x0000000000000053       0x54 ./Drivers/STM32F1xx_HAL_Driver/Src/stm32f1xx_hal_gpio.o
 .comment       0x0000000000000053       0x54 ./Drivers/STM32F1xx_HAL_Driver/Src/stm32f1xx_hal_pwr.o
 .comment       0x0000000000000053       0x54 ./Drivers/STM32F1xx_HAL_Driver/Src/stm32f1xx_hal_rcc.o
 .comment       0x0000000000000053       0x54 ./Drivers/STM32F1xx_HAL_Driver/Src/stm32f1xx_hal_tim.o
 .comment       0x0000000000000053       0x54 ./Drivers/STM32F1xx_HAL_Driver/Src/stm32f1xx_hal_tim_ex.o
 .comment       0x0000000000000053       0x54 ./Drivers/STM32F1xx_HAL_Driver/Src/stm32f1xx_hal_uart.o
 .comment       0x0000000000000053       0x82 C:\STM32\Cube\CryptoTest\Lib\STM32F1\Middlewares\ST\STM32_Cryptographic\Lib\libSTM32CryptographicV3.0.0_CM3_GCC_ot.a(crypto.o)
                                         0x83 (size before relaxing)

.debug_ranges   0x0000000000000000      0xbd8
 .debug_ranges  0x0000000000000000       0x60 ./Core/Src/main.o
 .debug_ranges  0x0000000000000060       0x48 ./Core/Src/stm32f1xx_hal_msp.o
 .debug_ranges  0x00000000000000a8       0x60 ./Core/Src/stm32f1xx_it.o
 .debug_ranges  0x0000000000000108       0x18 ./Core/Src/system_stm32f1xx.o
 .debug_ranges  0x0000000000000120       0x20 ./Core/Startup/startup_stm32f103c8tx.o
 .debug_ranges  0x0000000000000140       0xd0 ./Drivers/STM32F1xx_HAL_Driver/Src/stm32f1xx_hal.o
 .debug_ranges  0x0000000000000210       0xf0 ./Drivers/STM32F1xx_HAL_Driver/Src/stm32f1xx_hal_cortex.o
 .debug_ranges  0x0000000000000300       0x40 ./Drivers/STM32F1xx_HAL_Driver/Src/stm32f1xx_hal_crc.o
 .debug_ranges  0x0000000000000340       0x48 ./Drivers/STM32F1xx_HAL_Driver/Src/stm32f1xx_hal_gpio.o
 .debug_ranges  0x0000000000000388       0x98 ./Drivers/STM32F1xx_HAL_Driver/Src/stm32f1xx_hal_pwr.o
 .debug_ranges  0x0000000000000420       0x80 ./Drivers/STM32F1xx_HAL_Driver/Src/stm32f1xx_hal_rcc.o
 .debug_ranges  0x00000000000004a0      0x3c0 ./Drivers/STM32F1xx_HAL_Driver/Src/stm32f1xx_hal_tim.o
 .debug_ranges  0x0000000000000860      0x158 ./Drivers/STM32F1xx_HAL_Driver/Src/stm32f1xx_hal_tim_ex.o
 .debug_ranges  0x00000000000009b8      0x220 ./Drivers/STM32F1xx_HAL_Driver/Src/stm32f1xx_hal_uart.o

.debug_frame    0x0000000000000000     0x3430
 .debug_frame   0x0000000000000000      0x194 ./Core/Src/main.o
 .debug_frame   0x0000000000000194      0x13c ./Core/Src/stm32f1xx_hal_msp.o
 .debug_frame   0x00000000000002d0      0x13c ./Core/Src/stm32f1xx_it.o
 .debug_frame   0x000000000000040c       0x58 ./Core/Src/system_stm32f1xx.o
 .debug_frame   0x0000000000000464      0x334 ./Drivers/STM32F1xx_HAL_Driver/Src/stm32f1xx_hal.o
 .debug_frame   0x0000000000000798      0x428 ./Drivers/STM32F1xx_HAL_Driver/Src/stm32f1xx_hal_cortex.o
 .debug_frame   0x0000000000000bc0      0x120 ./Drivers/STM32F1xx_HAL_Driver/Src/stm32f1xx_hal_crc.o
 .debug_frame   0x0000000000000ce0      0x14c ./Drivers/STM32F1xx_HAL_Driver/Src/stm32f1xx_hal_gpio.o
 .debug_frame   0x0000000000000e2c      0x270 ./Drivers/STM32F1xx_HAL_Driver/Src/stm32f1xx_hal_pwr.o
 .debug_frame   0x000000000000109c      0x21c ./Drivers/STM32F1xx_HAL_Driver/Src/stm32f1xx_hal_rcc.o
 .debug_frame   0x00000000000012b8     0x11b8 ./Drivers/STM32F1xx_HAL_Driver/Src/stm32f1xx_hal_tim.o
 .debug_frame   0x0000000000002470      0x638 ./Drivers/STM32F1xx_HAL_Driver/Src/stm32f1xx_hal_tim_ex.o
 .debug_frame   0x0000000000002aa8      0x914 ./Drivers/STM32F1xx_HAL_Driver/Src/stm32f1xx_hal_uart.o
 .debug_frame   0x00000000000033bc       0x2c c:/st/stm32cubeide_1.7.0/stm32cubeide/plugins/com.st.stm32cube.ide.mcu.externaltools.gnu-tools-for-stm32.9-2020-q2-update.win32_2.0.0.202105311346/tools/bin/../lib/gcc/arm-none-eabi/9.3.1/../../../../arm-none-eabi/lib/thumb/v7-m/nofp\libc_nano.a(lib_a-init.o)
 .debug_frame   0x00000000000033e8       0x28 c:/st/stm32cubeide_1.7.0/stm32cubeide/plugins/com.st.stm32cube.ide.mcu.externaltools.gnu-tools-for-stm32.9-2020-q2-update.win32_2.0.0.202105311346/tools/bin/../lib/gcc/arm-none-eabi/9.3.1/../../../../arm-none-eabi/lib/thumb/v7-m/nofp\libc_nano.a(lib_a-memcpy-stub.o)
 .debug_frame   0x0000000000003410       0x20 c:/st/stm32cubeide_1.7.0/stm32cubeide/plugins/com.st.stm32cube.ide.mcu.externaltools.gnu-tools-for-stm32.9-2020-q2-update.win32_2.0.0.202105311346/tools/bin/../lib/gcc/arm-none-eabi/9.3.1/../../../../arm-none-eabi/lib/thumb/v7-m/nofp\libc_nano.a(lib_a-memset.o)
