Archive member included to satisfy reference by file (symbol)

C:\STM32\Cube\CryptoTest\Lib\STM32F1\Middlewares\ST\STM32_Cryptographic\Lib\libSTM32CryptographicV3.0.0_CM3_GCC_ot.a(crypto.o)
                              ./Core/Src/main.o (AES_CCM_Encrypt_Init)
c:/st/stm32cubeide_1.7.0/stm32cubeide/plugins/com.st.stm32cube.ide.mcu.externaltools.gnu-tools-for-stm32.9-2020-q2-update.win32_2.0.0.202105311346/tools/bin/../lib/gcc/arm-none-eabi/9.3.1/../../../../arm-none-eabi/lib/thumb/v7-m/nofp\libc_nano.a(lib_a-errno.o)
                              ./Core/Src/syscalls.o (__errno)
c:/st/stm32cubeide_1.7.0/stm32cubeide/plugins/com.st.stm32cube.ide.mcu.externaltools.gnu-tools-for-stm32.9-2020-q2-update.win32_2.0.0.202105311346/tools/bin/../lib/gcc/arm-none-eabi/9.3.1/../../../../arm-none-eabi/lib/thumb/v7-m/nofp\libc_nano.a(lib_a-exit.o)
                              c:/st/stm32cubeide_1.7.0/stm32cubeide/plugins/com.st.stm32cube.ide.mcu.externaltools.gnu-tools-for-stm32.9-2020-q2-update.win32_2.0.0.202105311346/tools/bin/../lib/gcc/arm-none-eabi/9.3.1/../../../../arm-none-eabi/lib/thumb/v7-m/nofp/crt0.o (exit)
c:/st/stm32cubeide_1.7.0/stm32cubeide/plugins/com.st.stm32cube.ide.mcu.externaltools.gnu-tools-for-stm32.9-2020-q2-update.win32_2.0.0.202105311346/tools/bin/../lib/gcc/arm-none-eabi/9.3.1/../../../../arm-none-eabi/lib/thumb/v7-m/nofp\libc_nano.a(lib_a-impure.o)
                              c:/st/stm32cubeide_1.7.0/stm32cubeide/plugins/com.st.stm32cube.ide.mcu.externaltools.gnu-tools-for-stm32.9-2020-q2-update.win32_2.0.0.202105311346/tools/bin/../lib/gcc/arm-none-eabi/9.3.1/../../../../arm-none-eabi/lib/thumb/v7-m/nofp\libc_nano.a(lib_a-exit.o) (_global_impure_ptr)
c:/st/stm32cubeide_1.7.0/stm32cubeide/plugins/com.st.stm32cube.ide.mcu.externaltools.gnu-tools-for-stm32.9-2020-q2-update.win32_2.0.0.202105311346/tools/bin/../lib/gcc/arm-none-eabi/9.3.1/../../../../arm-none-eabi/lib/thumb/v7-m/nofp\libc_nano.a(lib_a-init.o)
                              c:/st/stm32cubeide_1.7.0/stm32cubeide/plugins/com.st.stm32cube.ide.mcu.externaltools.gnu-tools-for-stm32.9-2020-q2-update.win32_2.0.0.202105311346/tools/bin/../lib/gcc/arm-none-eabi/9.3.1/../../../../arm-none-eabi/lib/thumb/v7-m/nofp/crt0.o (__libc_init_array)
c:/st/stm32cubeide_1.7.0/stm32cubeide/plugins/com.st.stm32cube.ide.mcu.externaltools.gnu-tools-for-stm32.9-2020-q2-update.win32_2.0.0.202105311346/tools/bin/../lib/gcc/arm-none-eabi/9.3.1/../../../../arm-none-eabi/lib/thumb/v7-m/nofp\libc_nano.a(lib_a-memcpy-stub.o)
                              C:\STM32\Cube\CryptoTest\Lib\STM32F1\Middlewares\ST\STM32_Cryptographic\Lib\libSTM32CryptographicV3.0.0_CM3_GCC_ot.a(crypto.o) (memcpy)
c:/st/stm32cubeide_1.7.0/stm32cubeide/plugins/com.st.stm32cube.ide.mcu.externaltools.gnu-tools-for-stm32.9-2020-q2-update.win32_2.0.0.202105311346/tools/bin/../lib/gcc/arm-none-eabi/9.3.1/../../../../arm-none-eabi/lib/thumb/v7-m/nofp\libc_nano.a(lib_a-memmove.o)
                              C:\STM32\Cube\CryptoTest\Lib\STM32F1\Middlewares\ST\STM32_Cryptographic\Lib\libSTM32CryptographicV3.0.0_CM3_GCC_ot.a(crypto.o) (memmove)
c:/st/stm32cubeide_1.7.0/stm32cubeide/plugins/com.st.stm32cube.ide.mcu.externaltools.gnu-tools-for-stm32.9-2020-q2-update.win32_2.0.0.202105311346/tools/bin/../lib/gcc/arm-none-eabi/9.3.1/../../../../arm-none-eabi/lib/thumb/v7-m/nofp\libc_nano.a(lib_a-memset.o)
                              c:/st/stm32cubeide_1.7.0/stm32cubeide/plugins/com.st.stm32cube.ide.mcu.externaltools.gnu-tools-for-stm32.9-2020-q2-update.win32_2.0.0.202105311346/tools/bin/../lib/gcc/arm-none-eabi/9.3.1/../../../../arm-none-eabi/lib/thumb/v7-m/nofp/crt0.o (memset)

Allocating common symbols
Common symbol       size              file

encrypt_OutputMessage
                    0x40              ./Core/Src/main.o
hcrc                0x8               ./Core/Src/main.o
tag                 0x40              ./Core/Src/main.o
uwTick              0x4               ./Drivers/STM32F1xx_HAL_Driver/Src/stm32f1xx_hal.o
pFlash              0x20              ./Drivers/STM32F1xx_HAL_Driver/Src/stm32f1xx_hal_flash.o
htim1               0x48              ./Core/Src/main.o
decrypt_OutputMessage
                    0x40              ./Core/Src/main.o

Discarded input sections

 .text          0x0000000000000000        0x0 c:/st/stm32cubeide_1.7.0/stm32cubeide/plugins/com.st.stm32cube.ide.mcu.externaltools.gnu-tools-for-stm32.9-2020-q2-update.win32_2.0.0.202105311346/tools/bin/../lib/gcc/arm-none-eabi/9.3.1/thumb/v7-m/nofp/crti.o
 .data          0x0000000000000000        0x0 c:/st/stm32cubeide_1.7.0/stm32cubeide/plugins/com.st.stm32cube.ide.mcu.externaltools.gnu-tools-for-stm32.9-2020-q2-update.win32_2.0.0.202105311346/tools/bin/../lib/gcc/arm-none-eabi/9.3.1/thumb/v7-m/nofp/crti.o
[...]
Memory Configuration

Name             Origin             Length             Attributes
RAM              0x0000000020000000 0x0000000000005000 xrw
FLASH            0x0000000008000000 0x0000000000010000 xr
*default*        0x0000000000000000 0xffffffffffffffff

Linker script and memory map

LOAD c:/st/stm32cubeide_1.7.0/stm32cubeide/plugins/com.st.stm32cube.ide.mcu.externaltools.gnu-tools-for-stm32.9-2020-q2-update.win32_2.0.0.202105311346/tools/bin/../lib/gcc/arm-none-eabi/9.3.1/thumb/v7-m/nofp/crti.o
LOAD c:/st/stm32cubeide_1.7.0/stm32cubeide/plugins/com.st.stm32cube.ide.mcu.externaltools.gnu-tools-for-stm32.9-2020-q2-update.win32_2.0.0.202105311346/tools/bin/../lib/gcc/arm-none-eabi/9.3.1/thumb/v7-m/nofp/crtbegin.o
LOAD c:/st/stm32cubeide_1.7.0/stm32cubeide/plugins/com.st.stm32cube.ide.mcu.externaltools.gnu-tools-for-stm32.9-2020-q2-update.win32_2.0.0.202105311346/tools/bin/../lib/gcc/arm-none-eabi/9.3.1/../../../../arm-none-eabi/lib/thumb/v7-m/nofp/crt0.o
LOAD ./Core/Src/global_param.o
LOAD ./Core/Src/main.o
LOAD ./Core/Src/stm32f1xx_hal_msp.o
LOAD ./Core/Src/stm32f1xx_it.o
LOAD ./Core/Src/syscalls.o
LOAD ./Core/Src/sysmem.o
LOAD ./Core/Src/system_stm32f1xx.o
LOAD ./Core/Startup/startup_stm32f103c8tx.o
LOAD ./Drivers/STM32F1xx_HAL_Driver/Src/stm32f1xx_hal.o
LOAD ./Drivers/STM32F1xx_HAL_Driver/Src/stm32f1xx_hal_cortex.o
LOAD ./Drivers/STM32F1xx_HAL_Driver/Src/stm32f1xx_hal_crc.o
LOAD ./Drivers/STM32F1xx_HAL_Driver/Src/stm32f1xx_hal_dma.o
LOAD ./Drivers/STM32F1xx_HAL_Driver/Src/stm32f1xx_hal_exti.o
LOAD ./Drivers/STM32F1xx_HAL_Driver/Src/stm32f1xx_hal_flash.o
LOAD ./Drivers/STM32F1xx_HAL_Driver/Src/stm32f1xx_hal_flash_ex.o
LOAD ./Drivers/STM32F1xx_HAL_Driver/Src/stm32f1xx_hal_gpio.o
LOAD ./Drivers/STM32F1xx_HAL_Driver/Src/stm32f1xx_hal_gpio_ex.o
LOAD ./Drivers/STM32F1xx_HAL_Driver/Src/stm32f1xx_hal_pwr.o
LOAD ./Drivers/STM32F1xx_HAL_Driver/Src/stm32f1xx_hal_rcc.o
LOAD ./Drivers/STM32F1xx_HAL_Driver/Src/stm32f1xx_hal_rcc_ex.o
LOAD ./Drivers/STM32F1xx_HAL_Driver/Src/stm32f1xx_hal_tim.o
LOAD ./Drivers/STM32F1xx_HAL_Driver/Src/stm32f1xx_hal_tim_ex.o
LOAD C:\STM32\Cube\CryptoTest\Lib\STM32F1\Middlewares\ST\STM32_Cryptographic\Lib\libSTM32CryptographicV3.0.0_CM3_GCC_ot.a
START GROUP
LOAD c:/st/stm32cubeide_1.7.0/stm32cubeide/plugins/com.st.stm32cube.ide.mcu.externaltools.gnu-tools-for-stm32.9-2020-q2-update.win32_2.0.0.202105311346/tools/bin/../lib/gcc/arm-none-eabi/9.3.1/../../../../arm-none-eabi/lib/thumb/v7-m/nofp\libc_nano.a
LOAD c:/st/stm32cubeide_1.7.0/stm32cubeide/plugins/com.st.stm32cube.ide.mcu.externaltools.gnu-tools-for-stm32.9-2020-q2-update.win32_2.0.0.202105311346/tools/bin/../lib/gcc/arm-none-eabi/9.3.1/../../../../arm-none-eabi/lib/thumb/v7-m/nofp\libm.a
END GROUP
START GROUP
LOAD c:/st/stm32cubeide_1.7.0/stm32cubeide/plugins/com.st.stm32cube.ide.mcu.externaltools.gnu-tools-for-stm32.9-2020-q2-update.win32_2.0.0.202105311346/tools/bin/../lib/gcc/arm-none-eabi/9.3.1/thumb/v7-m/nofp\libgcc.a
LOAD c:/st/stm32cubeide_1.7.0/stm32cubeide/plugins/com.st.stm32cube.ide.mcu.externaltools.gnu-tools-for-stm32.9-2020-q2-update.win32_2.0.0.202105311346/tools/bin/../lib/gcc/arm-none-eabi/9.3.1/../../../../arm-none-eabi/lib/thumb/v7-m/nofp\libc_nano.a
END GROUP
START GROUP
LOAD c:/st/stm32cubeide_1.7.0/stm32cubeide/plugins/com.st.stm32cube.ide.mcu.externaltools.gnu-tools-for-stm32.9-2020-q2-update.win32_2.0.0.202105311346/tools/bin/../lib/gcc/arm-none-eabi/9.3.1/thumb/v7-m/nofp\libgcc.a
LOAD c:/st/stm32cubeide_1.7.0/stm32cubeide/plugins/com.st.stm32cube.ide.mcu.externaltools.gnu-tools-for-stm32.9-2020-q2-update.win32_2.0.0.202105311346/tools/bin/../lib/gcc/arm-none-eabi/9.3.1/../../../../arm-none-eabi/lib/thumb/v7-m/nofp\libc_nano.a
LOAD c:/st/stm32cubeide_1.7.0/stm32cubeide/plugins/com.st.stm32cube.ide.mcu.externaltools.gnu-tools-for-stm32.9-2020-q2-update.win32_2.0.0.202105311346/tools/bin/../lib/gcc/arm-none-eabi/9.3.1/../../../../arm-none-eabi/lib/thumb/v7-m/nofp\libnosys.a
END GROUP
START GROUP
LOAD c:/st/stm32cubeide_1.7.0/stm32cubeide/plugins/com.st.stm32cube.ide.mcu.externaltools.gnu-tools-for-stm32.9-2020-q2-update.win32_2.0.0.202105311346/tools/bin/../lib/gcc/arm-none-eabi/9.3.1/thumb/v7-m/nofp\libgcc.a
LOAD c:/st/stm32cubeide_1.7.0/stm32cubeide/plugins/com.st.stm32cube.ide.mcu.externaltools.gnu-tools-for-stm32.9-2020-q2-update.win32_2.0.0.202105311346/tools/bin/../lib/gcc/arm-none-eabi/9.3.1/../../../../arm-none-eabi/lib/thumb/v7-m/nofp\libc_nano.a
LOAD c:/st/stm32cubeide_1.7.0/stm32cubeide/plugins/com.st.stm32cube.ide.mcu.externaltools.gnu-tools-for-stm32.9-2020-q2-update.win32_2.0.0.202105311346/tools/bin/../lib/gcc/arm-none-eabi/9.3.1/../../../../arm-none-eabi/lib/thumb/v7-m/nofp\libnosys.a
END GROUP
LOAD c:/st/stm32cubeide_1.7.0/stm32cubeide/plugins/com.st.stm32cube.ide.mcu.externaltools.gnu-tools-for-stm32.9-2020-q2-update.win32_2.0.0.202105311346/tools/bin/../lib/gcc/arm-none-eabi/9.3.1/thumb/v7-m/nofp/crtend.o
LOAD c:/st/stm32cubeide_1.7.0/stm32cubeide/plugins/com.st.stm32cube.ide.mcu.externaltools.gnu-tools-for-stm32.9-2020-q2-update.win32_2.0.0.202105311346/tools/bin/../lib/gcc/arm-none-eabi/9.3.1/thumb/v7-m/nofp/crtn.o
                0x0000000020005000                _estack = (ORIGIN (RAM) + LENGTH (RAM))
                0x0000000000000200                _Min_Heap_Size = 0x200
                0x0000000000000400                _Min_Stack_Size = 0x400

.isr_vector     0x0000000008000000      0x10c
                0x0000000008000000                . = ALIGN (0x4)
 *(.isr_vector)
 .isr_vector    0x0000000008000000      0x10c ./Core/Startup/startup_stm32f103c8tx.o
                0x0000000008000000                g_pfnVectors
                0x000000000800010c                . = ALIGN (0x4)

.text           0x000000000800010c     0x3618
                0x000000000800010c                . = ALIGN (0x4)
 *(.text)
 .text          0x000000000800010c       0x40 c:/st/stm32cubeide_1.7.0/stm32cubeide/plugins/com.st.stm32cube.ide.mcu.externaltools.gnu-tools-for-stm32.9-2020-q2-update.win32_2.0.0.202105311346/tools/bin/../lib/gcc/arm-none-eabi/9.3.1/thumb/v7-m/nofp/crtbegin.o
 *(.text*)
 .text.main     0x000000000800014c      0x108 ./Core/Src/main.o
                0x000000000800014c                main
 .text.SystemClock_Config
                0x0000000008000254       0x8a ./Core/Src/main.o
                0x0000000008000254                SystemClock_Config
 *fill*         0x00000000080002de        0x2 
 .text.MX_CRC_Init
                0x00000000080002e0       0x28 ./Core/Src/main.o
 .text.MX_TIM1_Init
                0x0000000008000308       0xa0 ./Core/Src/main.o
 .text.MX_GPIO_Init
                0x00000000080003a8       0x98 ./Core/Src/main.o
 .text.STM32_AES_CCM_Encrypt
                0x0000000008000440       0xf2 ./Core/Src/main.o
                0x0000000008000440                STM32_AES_CCM_Encrypt
 .text.STM32_AES_CCM_Decrypt
                0x0000000008000532      0x100 ./Core/Src/main.o
                0x0000000008000532                STM32_AES_CCM_Decrypt
 .text.Buffercmp
                0x0000000008000632       0x42 ./Core/Src/main.o
                0x0000000008000632                Buffercmp
 .text.Error_Handler
                0x0000000008000674        0xa ./Core/Src/main.o
                0x0000000008000674                Error_Handler
 *fill*         0x000000000800067e        0x2 
 .text.HAL_MspInit
                0x0000000008000680       0x64 ./Core/Src/stm32f1xx_hal_msp.o
                0x0000000008000680                HAL_MspInit
 .text.HAL_CRC_MspInit
                0x00000000080006e4       0x3c ./Core/Src/stm32f1xx_hal_msp.o
                0x00000000080006e4                HAL_CRC_MspInit
 .text.HAL_TIM_Base_MspInit
                0x0000000008000720       0x4c ./Core/Src/stm32f1xx_hal_msp.o
                0x0000000008000720                HAL_TIM_Base_MspInit
 .text.NMI_Handler
                0x000000000800076c        0x6 ./Core/Src/stm32f1xx_it.o
                0x000000000800076c                NMI_Handler
 .text.HardFault_Handler
                0x0000000008000772        0x6 ./Core/Src/stm32f1xx_it.o
                0x0000000008000772                HardFault_Handler
 .text.MemManage_Handler
                0x0000000008000778        0x6 ./Core/Src/stm32f1xx_it.o
                0x0000000008000778                MemManage_Handler
 .text.BusFault_Handler
                0x000000000800077e        0x6 ./Core/Src/stm32f1xx_it.o
                0x000000000800077e                BusFault_Handler
 .text.UsageFault_Handler
                0x0000000008000784        0x6 ./Core/Src/stm32f1xx_it.o
                0x0000000008000784                UsageFault_Handler
 .text.SVC_Handler
                0x000000000800078a        0xc ./Core/Src/stm32f1xx_it.o
                0x000000000800078a                SVC_Handler
 .text.DebugMon_Handler
                0x0000000008000796        0xc ./Core/Src/stm32f1xx_it.o
                0x0000000008000796                DebugMon_Handler
 .text.PendSV_Handler
                0x00000000080007a2        0xc ./Core/Src/stm32f1xx_it.o
                0x00000000080007a2                PendSV_Handler
 .text.SysTick_Handler
                0x00000000080007ae        0xc ./Core/Src/stm32f1xx_it.o
                0x00000000080007ae                SysTick_Handler
 *fill*         0x00000000080007ba        0x2 
 .text.TIM1_UP_IRQHandler
                0x00000000080007bc       0x14 ./Core/Src/stm32f1xx_it.o
                0x00000000080007bc                TIM1_UP_IRQHandler
 .text.SystemInit
                0x00000000080007d0        0xc ./Core/Src/system_stm32f1xx.o
                0x00000000080007d0                SystemInit
 .text.Reset_Handler
                0x00000000080007dc       0x48 ./Core/Startup/startup_stm32f103c8tx.o
                0x00000000080007dc                Reset_Handler
 .text.Default_Handler
                0x0000000008000824        0x2 ./Core/Startup/startup_stm32f103c8tx.o
                0x0000000008000824                RTC_Alarm_IRQHandler
                0x0000000008000824                EXTI2_IRQHandler
                0x0000000008000824                TIM1_CC_IRQHandler
                0x0000000008000824                PVD_IRQHandler
                0x0000000008000824                EXTI3_IRQHandler
                0x0000000008000824                EXTI0_IRQHandler
                0x0000000008000824                I2C2_EV_IRQHandler
                0x0000000008000824                ADC1_2_IRQHandler
                0x0000000008000824                SPI1_IRQHandler
                0x0000000008000824                TAMPER_IRQHandler
                0x0000000008000824                DMA1_Channel4_IRQHandler
                0x0000000008000824                USART3_IRQHandler
                0x0000000008000824                RTC_IRQHandler
                0x0000000008000824                DMA1_Channel7_IRQHandler
                0x0000000008000824                CAN1_RX1_IRQHandler
                0x0000000008000824                TIM4_IRQHandler
                0x0000000008000824                I2C1_EV_IRQHandler
                0x0000000008000824                DMA1_Channel6_IRQHandler
                0x0000000008000824                TIM3_IRQHandler
                0x0000000008000824                RCC_IRQHandler
                0x0000000008000824                TIM1_TRG_COM_IRQHandler
                0x0000000008000824                DMA1_Channel1_IRQHandler
                0x0000000008000824                Default_Handler
                0x0000000008000824                EXTI15_10_IRQHandler
                0x0000000008000824                EXTI9_5_IRQHandler
                0x0000000008000824                SPI2_IRQHandler
                0x0000000008000824                DMA1_Channel5_IRQHandler
                0x0000000008000824                EXTI4_IRQHandler
                0x0000000008000824                USB_LP_CAN1_RX0_IRQHandler
                0x0000000008000824                USB_HP_CAN1_TX_IRQHandler
                0x0000000008000824                DMA1_Channel3_IRQHandler
                0x0000000008000824                WWDG_IRQHandler
                0x0000000008000824                TIM2_IRQHandler
                0x0000000008000824                TIM1_BRK_IRQHandler
                0x0000000008000824                EXTI1_IRQHandler
                0x0000000008000824                USART2_IRQHandler
                0x0000000008000824                I2C2_ER_IRQHandler
                0x0000000008000824                DMA1_Channel2_IRQHandler
                0x0000000008000824                CAN1_SCE_IRQHandler
                0x0000000008000824                FLASH_IRQHandler
                0x0000000008000824                USART1_IRQHandler
                0x0000000008000824                I2C1_ER_IRQHandler
                0x0000000008000824                USBWakeUp_IRQHandler
 *fill*         0x0000000008000826        0x2 
 .text.HAL_Init
                0x0000000008000828       0x2c ./Drivers/STM32F1xx_HAL_Driver/Src/stm32f1xx_hal.o
                0x0000000008000828                HAL_Init
 .text.HAL_InitTick
                0x0000000008000854       0x60 ./Drivers/STM32F1xx_HAL_Driver/Src/stm32f1xx_hal.o
                0x0000000008000854                HAL_InitTick
 .text.HAL_IncTick
                0x00000000080008b4       0x24 ./Drivers/STM32F1xx_HAL_Driver/Src/stm32f1xx_hal.o
                0x00000000080008b4                HAL_IncTick
 .text.HAL_GetTick
                0x00000000080008d8       0x14 ./Drivers/STM32F1xx_HAL_Driver/Src/stm32f1xx_hal.o
                0x00000000080008d8                HAL_GetTick
 .text.__NVIC_SetPriorityGrouping
                0x00000000080008ec       0x48 ./Drivers/STM32F1xx_HAL_Driver/Src/stm32f1xx_hal_cortex.o
 .text.__NVIC_GetPriorityGrouping
                0x0000000008000934       0x1c ./Drivers/STM32F1xx_HAL_Driver/Src/stm32f1xx_hal_cortex.o
 .text.__NVIC_EnableIRQ
                0x0000000008000950       0x38 ./Drivers/STM32F1xx_HAL_Driver/Src/stm32f1xx_hal_cortex.o
 .text.__NVIC_SetPriority
                0x0000000008000988       0x54 ./Drivers/STM32F1xx_HAL_Driver/Src/stm32f1xx_hal_cortex.o
 .text.NVIC_EncodePriority
                0x00000000080009dc       0x64 ./Drivers/STM32F1xx_HAL_Driver/Src/stm32f1xx_hal_cortex.o
 .text.SysTick_Config
                0x0000000008000a40       0x44 ./Drivers/STM32F1xx_HAL_Driver/Src/stm32f1xx_hal_cortex.o
 .text.HAL_NVIC_SetPriorityGrouping
                0x0000000008000a84       0x16 ./Drivers/STM32F1xx_HAL_Driver/Src/stm32f1xx_hal_cortex.o
                0x0000000008000a84                HAL_NVIC_SetPriorityGrouping
 .text.HAL_NVIC_SetPriority
                0x0000000008000a9a       0x38 ./Drivers/STM32F1xx_HAL_Driver/Src/stm32f1xx_hal_cortex.o
                0x0000000008000a9a                HAL_NVIC_SetPriority
 .text.HAL_NVIC_EnableIRQ
                0x0000000008000ad2       0x1c ./Drivers/STM32F1xx_HAL_Driver/Src/stm32f1xx_hal_cortex.o
                0x0000000008000ad2                HAL_NVIC_EnableIRQ
 .text.HAL_SYSTICK_Config
                0x0000000008000aee       0x18 ./Drivers/STM32F1xx_HAL_Driver/Src/stm32f1xx_hal_cortex.o
                0x0000000008000aee                HAL_SYSTICK_Config
 .text.HAL_CRC_Init
                0x0000000008000b06       0x38 ./Drivers/STM32F1xx_HAL_Driver/Src/stm32f1xx_hal_crc.o
                0x0000000008000b06                HAL_CRC_Init
 *fill*         0x0000000008000b3e        0x2 
 .text.HAL_GPIO_Init
                0x0000000008000b40      0x308 ./Drivers/STM32F1xx_HAL_Driver/Src/stm32f1xx_hal_gpio.o
                0x0000000008000b40                HAL_GPIO_Init
 .text.HAL_GPIO_WritePin
                0x0000000008000e48       0x30 ./Drivers/STM32F1xx_HAL_Driver/Src/stm32f1xx_hal_gpio.o
                0x0000000008000e48                HAL_GPIO_WritePin
 .text.HAL_RCC_OscConfig
                0x0000000008000e78      0x500 ./Drivers/STM32F1xx_HAL_Driver/Src/stm32f1xx_hal_rcc.o
                0x0000000008000e78                HAL_RCC_OscConfig
 .text.HAL_RCC_ClockConfig
                0x0000000008001378      0x1d4 ./Drivers/STM32F1xx_HAL_Driver/Src/stm32f1xx_hal_rcc.o
                0x0000000008001378                HAL_RCC_ClockConfig
 .text.HAL_RCC_GetSysClockFreq
                0x000000000800154c       0xc0 ./Drivers/STM32F1xx_HAL_Driver/Src/stm32f1xx_hal_rcc.o
                0x000000000800154c                HAL_RCC_GetSysClockFreq
 .text.RCC_Delay
                0x000000000800160c       0x3c ./Drivers/STM32F1xx_HAL_Driver/Src/stm32f1xx_hal_rcc.o
 .text.HAL_TIM_Base_Init
                0x0000000008001648       0x9e ./Drivers/STM32F1xx_HAL_Driver/Src/stm32f1xx_hal_tim.o
                0x0000000008001648                HAL_TIM_Base_Init
 .text.HAL_TIM_IRQHandler
                0x00000000080016e6      0x210 ./Drivers/STM32F1xx_HAL_Driver/Src/stm32f1xx_hal_tim.o
                0x00000000080016e6                HAL_TIM_IRQHandler
 .text.HAL_TIM_ConfigClockSource
                0x00000000080018f6      0x188 ./Drivers/STM32F1xx_HAL_Driver/Src/stm32f1xx_hal_tim.o
                0x00000000080018f6                HAL_TIM_ConfigClockSource
 .text.HAL_TIM_PeriodElapsedCallback
                0x0000000008001a7e       0x12 ./Drivers/STM32F1xx_HAL_Driver/Src/stm32f1xx_hal_tim.o
                0x0000000008001a7e                HAL_TIM_PeriodElapsedCallback
 .text.HAL_TIM_OC_DelayElapsedCallback
                0x0000000008001a90       0x12 ./Drivers/STM32F1xx_HAL_Driver/Src/stm32f1xx_hal_tim.o
                0x0000000008001a90                HAL_TIM_OC_DelayElapsedCallback
 .text.HAL_TIM_IC_CaptureCallback
                0x0000000008001aa2       0x12 ./Drivers/STM32F1xx_HAL_Driver/Src/stm32f1xx_hal_tim.o
                0x0000000008001aa2                HAL_TIM_IC_CaptureCallback
 .text.HAL_TIM_PWM_PulseFinishedCallback
                0x0000000008001ab4       0x12 ./Drivers/STM32F1xx_HAL_Driver/Src/stm32f1xx_hal_tim.o
                0x0000000008001ab4                HAL_TIM_PWM_PulseFinishedCallback
 .text.HAL_TIM_TriggerCallback
                0x0000000008001ac6       0x12 ./Drivers/STM32F1xx_HAL_Driver/Src/stm32f1xx_hal_tim.o
                0x0000000008001ac6                HAL_TIM_TriggerCallback
 .text.TIM_Base_SetConfig
                0x0000000008001ad8       0xc4 ./Drivers/STM32F1xx_HAL_Driver/Src/stm32f1xx_hal_tim.o
                0x0000000008001ad8                TIM_Base_SetConfig
 .text.TIM_TI1_ConfigInputStage
                0x0000000008001b9c       0x5c ./Drivers/STM32F1xx_HAL_Driver/Src/stm32f1xx_hal_tim.o
 .text.TIM_TI2_ConfigInputStage
                0x0000000008001bf8       0x5e ./Drivers/STM32F1xx_HAL_Driver/Src/stm32f1xx_hal_tim.o
 .text.TIM_ITRx_SetConfig
                0x0000000008001c56       0x34 ./Drivers/STM32F1xx_HAL_Driver/Src/stm32f1xx_hal_tim.o
 .text.TIM_ETR_SetConfig
                0x0000000008001c8a       0x3e ./Drivers/STM32F1xx_HAL_Driver/Src/stm32f1xx_hal_tim.o
                0x0000000008001c8a                TIM_ETR_SetConfig
 .text.HAL_TIMEx_MasterConfigSynchronization
                0x0000000008001cc8       0xbc ./Drivers/STM32F1xx_HAL_Driver/Src/stm32f1xx_hal_tim_ex.o
                0x0000000008001cc8                HAL_TIMEx_MasterConfigSynchronization
 .text.HAL_TIMEx_CommutCallback
                0x0000000008001d84       0x12 ./Drivers/STM32F1xx_HAL_Driver/Src/stm32f1xx_hal_tim_ex.o
                0x0000000008001d84                HAL_TIMEx_CommutCallback
 .text.HAL_TIMEx_BreakCallback
                0x0000000008001d96       0x12 ./Drivers/STM32F1xx_HAL_Driver/Src/stm32f1xx_hal_tim_ex.o
                0x0000000008001d96                HAL_TIMEx_BreakCallback
 .text.AES_keyschedule_enc_LL
                0x0000000008001da8      0x1c0 C:\STM32\Cube\CryptoTest\Lib\STM32F1\Middlewares\ST\STM32_Cryptographic\Lib\libSTM32CryptographicV3.0.0_CM3_GCC_ot.a(crypto.o)
 .text.AES_keyschedule_enc
                0x0000000008001f68       0x3c C:\STM32\Cube\CryptoTest\Lib\STM32F1\Middlewares\ST\STM32_Cryptographic\Lib\libSTM32CryptographicV3.0.0_CM3_GCC_ot.a(crypto.o)
                0x0000000008001f68                AES_keyschedule_enc
 .text.AES_general_SW_enc
                0x0000000008001fa4      0x318 C:\STM32\Cube\CryptoTest\Lib\STM32F1\Middlewares\ST\STM32_Cryptographic\Lib\libSTM32CryptographicV3.0.0_CM3_GCC_ot.a(crypto.o)
                0x0000000008001fa4                AES_general_SW_enc
 .text.AES_CCM_Encrypt_Init
                0x00000000080022bc      0x1dc C:\STM32\Cube\CryptoTest\Lib\STM32F1\Middlewares\ST\STM32_Cryptographic\Lib\libSTM32CryptographicV3.0.0_CM3_GCC_ot.a(crypto.o)
                0x00000000080022bc                AES_CCM_Encrypt_Init
 .text.AES_CCM_Header_Append
                0x0000000008002498      0x300 C:\STM32\Cube\CryptoTest\Lib\STM32F1\Middlewares\ST\STM32_Cryptographic\Lib\libSTM32CryptographicV3.0.0_CM3_GCC_ot.a(crypto.o)
                0x0000000008002498                AES_CCM_Header_Append
 .text.AES_CCM_Encrypt_Append
                0x0000000008002798      0x728 C:\STM32\Cube\CryptoTest\Lib\STM32F1\Middlewares\ST\STM32_Cryptographic\Lib\libSTM32CryptographicV3.0.0_CM3_GCC_ot.a(crypto.o)
                0x0000000008002798                AES_CCM_Encrypt_Append
 .text.AES_CCM_Encrypt_Finish
                0x0000000008002ec0       0xbc C:\STM32\Cube\CryptoTest\Lib\STM32F1\Middlewares\ST\STM32_Cryptographic\Lib\libSTM32CryptographicV3.0.0_CM3_GCC_ot.a(crypto.o)
                0x0000000008002ec0                AES_CCM_Encrypt_Finish
 .text.AES_CCM_Decrypt_Init
                0x0000000008002f7c      0x1dc C:\STM32\Cube\CryptoTest\Lib\STM32F1\Middlewares\ST\STM32_Cryptographic\Lib\libSTM32CryptographicV3.0.0_CM3_GCC_ot.a(crypto.o)
                0x0000000008002f7c                AES_CCM_Decrypt_Init
 .text.AES_CCM_Decrypt_Append
                0x0000000008003158      0x3b4 C:\STM32\Cube\CryptoTest\Lib\STM32F1\Middlewares\ST\STM32_Cryptographic\Lib\libSTM32CryptographicV3.0.0_CM3_GCC_ot.a(crypto.o)
                0x0000000008003158                AES_CCM_Decrypt_Append
 .text.AES_CCM_Decrypt_Finish
                0x000000000800350c      0x18c C:\STM32\Cube\CryptoTest\Lib\STM32F1\Middlewares\ST\STM32_Cryptographic\Lib\libSTM32CryptographicV3.0.0_CM3_GCC_ot.a(crypto.o)
                0x000000000800350c                AES_CCM_Decrypt_Finish
 .text.__libc_init_array
                0x0000000008003698       0x48 c:/st/stm32cubeide_1.7.0/stm32cubeide/plugins/com.st.stm32cube.ide.mcu.externaltools.gnu-tools-for-stm32.9-2020-q2-update.win32_2.0.0.202105311346/tools/bin/../lib/gcc/arm-none-eabi/9.3.1/../../../../arm-none-eabi/lib/thumb/v7-m/nofp\libc_nano.a(lib_a-init.o)
                0x0000000008003698                __libc_init_array
 .text.memcpy   0x00000000080036e0       0x1c c:/st/stm32cubeide_1.7.0/stm32cubeide/plugins/com.st.stm32cube.ide.mcu.externaltools.gnu-tools-for-stm32.9-2020-q2-update.win32_2.0.0.202105311346/tools/bin/../lib/gcc/arm-none-eabi/9.3.1/../../../../arm-none-eabi/lib/thumb/v7-m/nofp\libc_nano.a(lib_a-memcpy-stub.o)
                0x00000000080036e0                memcpy
 .text.memset   0x00000000080036fc       0x10 c:/st/stm32cubeide_1.7.0/stm32cubeide/plugins/com.st.stm32cube.ide.mcu.externaltools.gnu-tools-for-stm32.9-2020-q2-update.win32_2.0.0.202105311346/tools/bin/../lib/gcc/arm-none-eabi/9.3.1/../../../../arm-none-eabi/lib/thumb/v7-m/nofp\libc_nano.a(lib_a-memset.o)
                0x00000000080036fc                memset
 *(.glue_7)
 .glue_7        0x000000000800370c        0x0 linker stubs
 *(.glue_7t)
 .glue_7t       0x000000000800370c        0x0 linker stubs
 *(.eh_frame)
 .eh_frame      0x000000000800370c        0x0 c:/st/stm32cubeide_1.7.0/stm32cubeide/plugins/com.st.stm32cube.ide.mcu.externaltools.gnu-tools-for-stm32.9-2020-q2-update.win32_2.0.0.202105311346/tools/bin/../lib/gcc/arm-none-eabi/9.3.1/thumb/v7-m/nofp/crtbegin.o
 *(.init)
 .init          0x000000000800370c        0x4 c:/st/stm32cubeide_1.7.0/stm32cubeide/plugins/com.st.stm32cube.ide.mcu.externaltools.gnu-tools-for-stm32.9-2020-q2-update.win32_2.0.0.202105311346/tools/bin/../lib/gcc/arm-none-eabi/9.3.1/thumb/v7-m/nofp/crti.o
                0x000000000800370c                _init
 .init          0x0000000008003710        0x8 c:/st/stm32cubeide_1.7.0/stm32cubeide/plugins/com.st.stm32cube.ide.mcu.externaltools.gnu-tools-for-stm32.9-2020-q2-update.win32_2.0.0.202105311346/tools/bin/../lib/gcc/arm-none-eabi/9.3.1/thumb/v7-m/nofp/crtn.o
 *(.fini)
 .fini          0x0000000008003718        0x4 c:/st/stm32cubeide_1.7.0/stm32cubeide/plugins/com.st.stm32cube.ide.mcu.externaltools.gnu-tools-for-stm32.9-2020-q2-update.win32_2.0.0.202105311346/tools/bin/../lib/gcc/arm-none-eabi/9.3.1/thumb/v7-m/nofp/crti.o
                0x0000000008003718                _fini
 .fini          0x000000000800371c        0x8 c:/st/stm32cubeide_1.7.0/stm32cubeide/plugins/com.st.stm32cube.ide.mcu.externaltools.gnu-tools-for-stm32.9-2020-q2-update.win32_2.0.0.202105311346/tools/bin/../lib/gcc/arm-none-eabi/9.3.1/thumb/v7-m/nofp/crtn.o
                0x0000000008003724                . = ALIGN (0x4)
                0x0000000008003724                _etext = .

.vfp11_veneer   0x0000000008003724        0x0
 .vfp11_veneer  0x0000000008003724        0x0 linker stubs

.v4_bx          0x0000000008003724        0x0
 .v4_bx         0x0000000008003724        0x0 linker stubs

.iplt           0x0000000008003724        0x0
 .iplt          0x0000000008003724        0x0 c:/st/stm32cubeide_1.7.0/stm32cubeide/plugins/com.st.stm32cube.ide.mcu.externaltools.gnu-tools-for-stm32.9-2020-q2-update.win32_2.0.0.202105311346/tools/bin/../lib/gcc/arm-none-eabi/9.3.1/thumb/v7-m/nofp/crtbegin.o

.rodata         0x0000000008003724      0x55c
                0x0000000008003724                . = ALIGN (0x4)
 *(.rodata)
 .rodata        0x0000000008003724       0x10 ./Drivers/STM32F1xx_HAL_Driver/Src/stm32f1xx_hal_rcc.o
 *(.rodata*)
 .rodata.HeaderMessage
                0x0000000008003734        0x8 ./Core/Src/main.o
                0x0000000008003734                HeaderMessage
 .rodata.Plaintext
                0x000000000800373c        0x4 ./Core/Src/main.o
                0x000000000800373c                Plaintext
 .rodata.Expected_Ciphertext
                0x0000000008003740        0x8 ./Core/Src/main.o
                0x0000000008003740                Expected_Ciphertext
 .rodata.AHBPrescTable
                0x0000000008003748       0x10 ./Core/Src/system_stm32f1xx.o
                0x0000000008003748                AHBPrescTable
 .rodata.rcon   0x0000000008003758       0x28 C:\STM32\Cube\CryptoTest\Lib\STM32F1\Middlewares\ST\STM32_Cryptographic\Lib\libSTM32CryptographicV3.0.0_CM3_GCC_ot.a(crypto.o)
                0x0000000008003758                rcon
 .rodata.enc_table
                0x0000000008003780      0x400 C:\STM32\Cube\CryptoTest\Lib\STM32F1\Middlewares\ST\STM32_Cryptographic\Lib\libSTM32CryptographicV3.0.0_CM3_GCC_ot.a(crypto.o)
                0x0000000008003780                enc_table
 .rodata.Sbox   0x0000000008003b80      0x100 C:\STM32\Cube\CryptoTest\Lib\STM32F1\Middlewares\ST\STM32_Cryptographic\Lib\libSTM32CryptographicV3.0.0_CM3_GCC_ot.a(crypto.o)
                0x0000000008003b80                Sbox
                0x0000000008003c80                . = ALIGN (0x4)

.rel.dyn        0x0000000008003c80        0x0
 .rel.iplt      0x0000000008003c80        0x0 c:/st/stm32cubeide_1.7.0/stm32cubeide/plugins/com.st.stm32cube.ide.mcu.externaltools.gnu-tools-for-stm32.9-2020-q2-update.win32_2.0.0.202105311346/tools/bin/../lib/gcc/arm-none-eabi/9.3.1/thumb/v7-m/nofp/crtbegin.o

.ARM.extab      0x0000000008003c80        0x0
                0x0000000008003c80                . = ALIGN (0x4)
 *(.ARM.extab* .gnu.linkonce.armextab.*)
                0x0000000008003c80                . = ALIGN (0x4)

.ARM            0x0000000008003c80        0x0
                0x0000000008003c80                . = ALIGN (0x4)
                0x0000000008003c80                __exidx_start = .
 *(.ARM.exidx*)
                0x0000000008003c80                __exidx_end = .
                0x0000000008003c80                . = ALIGN (0x4)

.preinit_array  0x0000000008003c80        0x0
                0x0000000008003c80                . = ALIGN (0x4)
                0x0000000008003c80                PROVIDE (__preinit_array_start = .)
 *(.preinit_array*)
                0x0000000008003c80                PROVIDE (__preinit_array_end = .)
                0x0000000008003c80                . = ALIGN (0x4)

.init_array     0x0000000008003c80        0x4
                0x0000000008003c80                . = ALIGN (0x4)
                0x0000000008003c80                PROVIDE (__init_array_start = .)
 *(SORT_BY_NAME(.init_array.*))
 *(.init_array*)
 .init_array    0x0000000008003c80        0x4 c:/st/stm32cubeide_1.7.0/stm32cubeide/plugins/com.st.stm32cube.ide.mcu.externaltools.gnu-tools-for-stm32.9-2020-q2-update.win32_2.0.0.202105311346/tools/bin/../lib/gcc/arm-none-eabi/9.3.1/thumb/v7-m/nofp/crtbegin.o
                0x0000000008003c84                PROVIDE (__init_array_end = .)
                0x0000000008003c84                . = ALIGN (0x4)

.fini_array     0x0000000008003c84        0x4
                0x0000000008003c84                . = ALIGN (0x4)
                [!provide]                        PROVIDE (__fini_array_start = .)
 *(SORT_BY_NAME(.fini_array.*))
 *(.fini_array*)
 .fini_array    0x0000000008003c84        0x4 c:/st/stm32cubeide_1.7.0/stm32cubeide/plugins/com.st.stm32cube.ide.mcu.externaltools.gnu-tools-for-stm32.9-2020-q2-update.win32_2.0.0.202105311346/tools/bin/../lib/gcc/arm-none-eabi/9.3.1/thumb/v7-m/nofp/crtbegin.o
                [!provide]                        PROVIDE (__fini_array_end = .)
                0x0000000008003c88                . = ALIGN (0x4)
                0x0000000008003c88                _sidata = LOADADDR (.data)

.data           0x0000000020000000       0x2c load address 0x0000000008003c88
                0x0000000020000000                . = ALIGN (0x4)
                0x0000000020000000                _sdata = .
 *(.data)
 *(.data*)
 .data.HeaderLength
                0x0000000020000000        0x4 ./Core/Src/main.o
                0x0000000020000000                HeaderLength
 .data.InputLength
                0x0000000020000004        0x4 ./Core/Src/main.o
                0x0000000020000004                InputLength
 .data.Key      0x0000000020000008       0x10 ./Core/Src/main.o
                0x0000000020000008                Key
 .data.IV       0x0000000020000018        0x7 ./Core/Src/main.o
                0x0000000020000018                IV
 *fill*         0x000000002000001f        0x1 
 .data.SystemCoreClock
                0x0000000020000020        0x4 ./Core/Src/system_stm32f1xx.o
                0x0000000020000020                SystemCoreClock
 .data.uwTickPrio
                0x0000000020000024        0x4 ./Drivers/STM32F1xx_HAL_Driver/Src/stm32f1xx_hal.o
                0x0000000020000024                uwTickPrio
 .data.uwTickFreq
                0x0000000020000028        0x1 ./Drivers/STM32F1xx_HAL_Driver/Src/stm32f1xx_hal.o
                0x0000000020000028                uwTickFreq
 *(.RamFunc)
 *(.RamFunc*)
                0x000000002000002c                . = ALIGN (0x4)
 *fill*         0x0000000020000029        0x3 
                0x000000002000002c                _edata = .

.igot.plt       0x000000002000002c        0x0 load address 0x0000000008003cb4
 .igot.plt      0x000000002000002c        0x0 c:/st/stm32cubeide_1.7.0/stm32cubeide/plugins/com.st.stm32cube.ide.mcu.externaltools.gnu-tools-for-stm32.9-2020-q2-update.win32_2.0.0.202105311346/tools/bin/../lib/gcc/arm-none-eabi/9.3.1/thumb/v7-m/nofp/crtbegin.o
                0x000000002000002c                . = ALIGN (0x4)

.bss            0x000000002000002c      0x140 load address 0x0000000008003cb4
                0x000000002000002c                _sbss = .
                0x000000002000002c                __bss_start__ = _sbss
 *(.bss)
 .bss           0x000000002000002c       0x1c c:/st/stm32cubeide_1.7.0/stm32cubeide/plugins/com.st.stm32cube.ide.mcu.externaltools.gnu-tools-for-stm32.9-2020-q2-update.win32_2.0.0.202105311346/tools/bin/../lib/gcc/arm-none-eabi/9.3.1/thumb/v7-m/nofp/crtbegin.o
 *(.bss*)
 .bss.time_Decrypt
                0x0000000020000048        0x4 ./Core/Src/global_param.o
                0x0000000020000048                time_Decrypt
 .bss.encrypt_OutputMessageLength
                0x000000002000004c        0x4 ./Core/Src/main.o
                0x000000002000004c                encrypt_OutputMessageLength
 .bss.decrypt_OutputMessageLength
                0x0000000020000050        0x4 ./Core/Src/main.o
                0x0000000020000050                decrypt_OutputMessageLength
 .bss.AuthenticationTAGLength
                0x0000000020000054        0x4 ./Core/Src/main.o
                0x0000000020000054                AuthenticationTAGLength
 *(COMMON)
 COMMON         0x0000000020000058      0x110 ./Core/Src/main.o
                0x0000000020000058                encrypt_OutputMessage
                0x0000000020000098                hcrc
                0x00000000200000a0                tag
                0x00000000200000e0                htim1
                0x0000000020000128                decrypt_OutputMessage
 COMMON         0x0000000020000168        0x4 ./Drivers/STM32F1xx_HAL_Driver/Src/stm32f1xx_hal.o
                0x0000000020000168                uwTick
                0x000000002000016c                . = ALIGN (0x4)
                0x000000002000016c                _ebss = .
                0x000000002000016c                __bss_end__ = _ebss

._user_heap_stack
                0x000000002000016c      0x604 load address 0x0000000008003cb4
                0x0000000020000170                . = ALIGN (0x8)
 *fill*         0x000000002000016c        0x4 
                [!provide]                        PROVIDE (end = .)
                0x0000000020000170                PROVIDE (_end = .)
                0x0000000020000370                . = (. + _Min_Heap_Size)
 *fill*         0x0000000020000170      0x200 
                0x0000000020000770                . = (. + _Min_Stack_Size)
 *fill*         0x0000000020000370      0x400 
                0x0000000020000770                . = ALIGN (0x8)

/DISCARD/
 libc.a(*)
 libm.a(*)
 libgcc.a(*)

.ARM.attributes
                0x0000000000000000       0x29
 *(.ARM.attributes)
 .ARM.attributes
                0x0000000000000000       0x1d c:/st/stm32cubeide_1.7.0/stm32cubeide/plugins/com.st.stm32cube.ide.mcu.externaltools.gnu-tools-for-stm32.9-2020-q2-update.win32_2.0.0.202105311346/tools/bin/../lib/gcc/arm-none-eabi/9.3.1/thumb/v7-m/nofp/crti.o
 .ARM.attributes
                0x000000000000001d       0x2d c:/st/stm32cubeide_1.7.0/stm32cubeide/plugins/com.st.stm32cube.ide.mcu.externaltools.gnu-tools-for-stm32.9-2020-q2-update.win32_2.0.0.202105311346/tools/bin/../lib/gcc/arm-none-eabi/9.3.1/thumb/v7-m/nofp/crtbegin.o
 .ARM.attributes
                0x000000000000004a       0x33 ./Core/Src/global_param.o
 .ARM.attributes
                0x000000000000007d       0x2d ./Core/Src/main.o
 .ARM.attributes
                0x00000000000000aa       0x2d ./Core/Src/stm32f1xx_hal_msp.o
 .ARM.attributes
                0x00000000000000d7       0x2d ./Core/Src/stm32f1xx_it.o
 .ARM.attributes
                0x0000000000000104       0x2d ./Core/Src/system_stm32f1xx.o
 .ARM.attributes
                0x0000000000000131       0x21 ./Core/Startup/startup_stm32f103c8tx.o
 .ARM.attributes
                0x0000000000000152       0x2d ./Drivers/STM32F1xx_HAL_Driver/Src/stm32f1xx_hal.o
 .ARM.attributes
                0x000000000000017f       0x2d ./Drivers/STM32F1xx_HAL_Driver/Src/stm32f1xx_hal_cortex.o
 .ARM.attributes
                0x00000000000001ac       0x2d ./Drivers/STM32F1xx_HAL_Driver/Src/stm32f1xx_hal_crc.o
 .ARM.attributes
                0x00000000000001d9       0x2d ./Drivers/STM32F1xx_HAL_Driver/Src/stm32f1xx_hal_gpio.o
 .ARM.attributes
                0x0000000000000206       0x2d ./Drivers/STM32F1xx_HAL_Driver/Src/stm32f1xx_hal_rcc.o
 .ARM.attributes
                0x0000000000000233       0x2d ./Drivers/STM32F1xx_HAL_Driver/Src/stm32f1xx_hal_tim.o
 .ARM.attributes
                0x0000000000000260       0x2d ./Drivers/STM32F1xx_HAL_Driver/Src/stm32f1xx_hal_tim_ex.o
 .ARM.attributes
                0x000000000000028d       0x2f C:\STM32\Cube\CryptoTest\Lib\STM32F1\Middlewares\ST\STM32_Cryptographic\Lib\libSTM32CryptographicV3.0.0_CM3_GCC_ot.a(crypto.o)
 .ARM.attributes
                0x00000000000002bc       0x2d c:/st/stm32cubeide_1.7.0/stm32cubeide/plugins/com.st.stm32cube.ide.mcu.externaltools.gnu-tools-for-stm32.9-2020-q2-update.win32_2.0.0.202105311346/tools/bin/../lib/gcc/arm-none-eabi/9.3.1/../../../../arm-none-eabi/lib/thumb/v7-m/nofp\libc_nano.a(lib_a-init.o)
 .ARM.attributes
                0x00000000000002e9       0x2d c:/st/stm32cubeide_1.7.0/stm32cubeide/plugins/com.st.stm32cube.ide.mcu.externaltools.gnu-tools-for-stm32.9-2020-q2-update.win32_2.0.0.202105311346/tools/bin/../lib/gcc/arm-none-eabi/9.3.1/../../../../arm-none-eabi/lib/thumb/v7-m/nofp\libc_nano.a(lib_a-memcpy-stub.o)
 .ARM.attributes
                0x0000000000000316       0x2d c:/st/stm32cubeide_1.7.0/stm32cubeide/plugins/com.st.stm32cube.ide.mcu.externaltools.gnu-tools-for-stm32.9-2020-q2-update.win32_2.0.0.202105311346/tools/bin/../lib/gcc/arm-none-eabi/9.3.1/../../../../arm-none-eabi/lib/thumb/v7-m/nofp\libc_nano.a(lib_a-memset.o)
 .ARM.attributes
                0x0000000000000343       0x1d c:/st/stm32cubeide_1.7.0/stm32cubeide/plugins/com.st.stm32cube.ide.mcu.externaltools.gnu-tools-for-stm32.9-2020-q2-update.win32_2.0.0.202105311346/tools/bin/../lib/gcc/arm-none-eabi/9.3.1/thumb/v7-m/nofp/crtn.o
OUTPUT(CryptoTest.elf elf32-littlearm)
LOAD linker stubs
LOAD c:/st/stm32cubeide_1.7.0/stm32cubeide/plugins/com.st.stm32cube.ide.mcu.externaltools.gnu-tools-for-stm32.9-2020-q2-update.win32_2.0.0.202105311346/tools/bin/../lib/gcc/arm-none-eabi/9.3.1/../../../../arm-none-eabi/lib/thumb/v7-m/nofp\libc.a
LOAD c:/st/stm32cubeide_1.7.0/stm32cubeide/plugins/com.st.stm32cube.ide.mcu.externaltools.gnu-tools-for-stm32.9-2020-q2-update.win32_2.0.0.202105311346/tools/bin/../lib/gcc/arm-none-eabi/9.3.1/../../../../arm-none-eabi/lib/thumb/v7-m/nofp\libm.a
LOAD c:/st/stm32cubeide_1.7.0/stm32cubeide/plugins/com.st.stm32cube.ide.mcu.externaltools.gnu-tools-for-stm32.9-2020-q2-update.win32_2.0.0.202105311346/tools/bin/../lib/gcc/arm-none-eabi/9.3.1/thumb/v7-m/nofp\libgcc.a

.debug_info     0x0000000000000000     0xa9d8
 .debug_info    0x0000000000000000       0x9a ./Core/Src/global_param.o
 .debug_info    0x000000000000009a     0x1a1b ./Core/Src/main.o
 .debug_info    0x0000000000001ab5     0x156e ./Core/Src/stm32f1xx_hal_msp.o
 .debug_info    0x0000000000003023     0x106c ./Core/Src/stm32f1xx_it.o
 .debug_info    0x000000000000408f      0x2be ./Core/Src/system_stm32f1xx.o
 .debug_info    0x000000000000434d       0x22 ./Core/Startup/startup_stm32f103c8tx.o
 .debug_info    0x000000000000436f      0x76a ./Drivers/STM32F1xx_HAL_Driver/Src/stm32f1xx_hal.o
 .debug_info    0x0000000000004ad9      0xbdc ./Drivers/STM32F1xx_HAL_Driver/Src/stm32f1xx_hal_cortex.o
 .debug_info    0x00000000000056b5      0x47a ./Drivers/STM32F1xx_HAL_Driver/Src/stm32f1xx_hal_crc.o
 .debug_info    0x0000000000005b2f      0x701 ./Drivers/STM32F1xx_HAL_Driver/Src/stm32f1xx_hal_gpio.o
 .debug_info    0x0000000000006230      0x88e ./Drivers/STM32F1xx_HAL_Driver/Src/stm32f1xx_hal_rcc.o
 .debug_info    0x0000000000006abe     0x2a45 ./Drivers/STM32F1xx_HAL_Driver/Src/stm32f1xx_hal_tim.o
 .debug_info    0x0000000000009503     0x14d5 ./Drivers/STM32F1xx_HAL_Driver/Src/stm32f1xx_hal_tim_ex.o

.debug_abbrev   0x0000000000000000     0x191a
 .debug_abbrev  0x0000000000000000       0x5a ./Core/Src/global_param.o
 .debug_abbrev  0x000000000000005a      0x321 ./Core/Src/main.o
 .debug_abbrev  0x000000000000037b      0x250 ./Core/Src/stm32f1xx_hal_msp.o
 .debug_abbrev  0x00000000000005cb      0x1f3 ./Core/Src/stm32f1xx_it.o
 .debug_abbrev  0x00000000000007be      0x14e ./Core/Src/system_stm32f1xx.o
 .debug_abbrev  0x000000000000090c       0x12 ./Core/Startup/startup_stm32f103c8tx.o
 .debug_abbrev  0x000000000000091e      0x1ed ./Drivers/STM32F1xx_HAL_Driver/Src/stm32f1xx_hal.o
 .debug_abbrev  0x0000000000000b0b      0x313 ./Drivers/STM32F1xx_HAL_Driver/Src/stm32f1xx_hal_cortex.o
 .debug_abbrev  0x0000000000000e1e      0x1dd ./Drivers/STM32F1xx_HAL_Driver/Src/stm32f1xx_hal_crc.o
 .debug_abbrev  0x0000000000000ffb      0x1e8 ./Drivers/STM32F1xx_HAL_Driver/Src/stm32f1xx_hal_gpio.o
 .debug_abbrev  0x00000000000011e3      0x273 ./Drivers/STM32F1xx_HAL_Driver/Src/stm32f1xx_hal_rcc.o
 .debug_abbrev  0x0000000000001456      0x25e ./Drivers/STM32F1xx_HAL_Driver/Src/stm32f1xx_hal_tim.o
 .debug_abbrev  0x00000000000016b4      0x266 ./Drivers/STM32F1xx_HAL_Driver/Src/stm32f1xx_hal_tim_ex.o

.debug_aranges  0x0000000000000000      0x9c8
 .debug_aranges
                0x0000000000000000       0x18 ./Core/Src/global_param.o
 .debug_aranges
                0x0000000000000018       0x60 ./Core/Src/main.o
 .debug_aranges
                0x0000000000000078       0x48 ./Core/Src/stm32f1xx_hal_msp.o
 .debug_aranges
                0x00000000000000c0       0x68 ./Core/Src/stm32f1xx_it.o
 .debug_aranges
                0x0000000000000128       0x28 ./Core/Src/system_stm32f1xx.o
 .debug_aranges
                0x0000000000000150       0x28 ./Core/Startup/startup_stm32f103c8tx.o
 .debug_aranges
                0x0000000000000178       0xe0 ./Drivers/STM32F1xx_HAL_Driver/Src/stm32f1xx_hal.o
 .debug_aranges
                0x0000000000000258      0x100 ./Drivers/STM32F1xx_HAL_Driver/Src/stm32f1xx_hal_cortex.o
 .debug_aranges
                0x0000000000000358       0x50 ./Drivers/STM32F1xx_HAL_Driver/Src/stm32f1xx_hal_crc.o
 .debug_aranges
                0x00000000000003a8       0x58 ./Drivers/STM32F1xx_HAL_Driver/Src/stm32f1xx_hal_gpio.o
 .debug_aranges
                0x0000000000000400       0x90 ./Drivers/STM32F1xx_HAL_Driver/Src/stm32f1xx_hal_rcc.o
 .debug_aranges
                0x0000000000000490      0x3d0 ./Drivers/STM32F1xx_HAL_Driver/Src/stm32f1xx_hal_tim.o
 .debug_aranges
                0x0000000000000860      0x168 ./Drivers/STM32F1xx_HAL_Driver/Src/stm32f1xx_hal_tim_ex.o

.debug_macro    0x0000000000000000    0x1805a
 .debug_macro   0x0000000000000000       0x6d ./Core/Src/global_param.o
 .debug_macro   0x000000000000006d      0xa9c ./Core/Src/global_param.o
 .debug_macro   0x0000000000000b09       0x22 ./Core/Src/global_param.o
 .debug_macro   0x0000000000000b2b       0x8e ./Core/Src/global_param.o
 .debug_macro   0x0000000000000bb9       0x51 ./Core/Src/global_param.o
 .debug_macro   0x0000000000000c0a      0x103 ./Core/Src/global_param.o
 .debug_macro   0x0000000000000d0d       0x6a ./Core/Src/global_param.o
 .debug_macro   0x0000000000000d77      0x1df ./Core/Src/global_param.o
 .debug_macro   0x0000000000000f56      0x524 ./Core/Src/main.o
 .debug_macro   0x000000000000147a      0x21b ./Core/Src/main.o
 .debug_macro   0x0000000000001695       0x2e ./Core/Src/main.o
 .debug_macro   0x00000000000016c3       0x22 ./Core/Src/main.o
 .debug_macro   0x00000000000016e5       0x1c ./Core/Src/main.o
 .debug_macro   0x0000000000001701       0x22 ./Core/Src/main.o
 .debug_macro   0x0000000000001723       0xc3 ./Core/Src/main.o
 .debug_macro   0x00000000000017e6      0xd23 ./Core/Src/main.o
 .debug_macro   0x0000000000002509     0xe09e ./Core/Src/main.o
 .debug_macro   0x00000000000105a7       0x6d ./Core/Src/main.o
 .debug_macro   0x0000000000010614     0x3468 ./Core/Src/main.o
 .debug_macro   0x0000000000013a7c      0x174 ./Core/Src/main.o
 .debug_macro   0x0000000000013bf0       0x5c ./Core/Src/main.o
 .debug_macro   0x0000000000013c4c      0x5be ./Core/Src/main.o
 .debug_macro   0x000000000001420a      0x289 ./Core/Src/main.o
 .debug_macro   0x0000000000014493      0x1cb ./Core/Src/main.o
 .debug_macro   0x000000000001465e      0x114 ./Core/Src/main.o
 .debug_macro   0x0000000000014772      0x1b2 ./Core/Src/main.o
 .debug_macro   0x0000000000014924       0x27 ./Core/Src/main.o
 .debug_macro   0x000000000001494b      0x136 ./Core/Src/main.o
 .debug_macro   0x0000000000014a81      0x1bc ./Core/Src/main.o
 .debug_macro   0x0000000000014c3d       0x34 ./Core/Src/main.o
 .debug_macro   0x0000000000014c71       0x3c ./Core/Src/main.o
 .debug_macro   0x0000000000014cad       0x57 ./Core/Src/main.o
 .debug_macro   0x0000000000014d04       0x22 ./Core/Src/main.o
 .debug_macro   0x0000000000014d26       0x88 ./Core/Src/main.o
 .debug_macro   0x0000000000014dae      0x241 ./Core/Src/main.o
 .debug_macro   0x0000000000014fef      0x141 ./Core/Src/main.o
 .debug_macro   0x0000000000015130      0x8d1 ./Core/Src/main.o
 .debug_macro   0x0000000000015a01       0x83 ./Core/Src/main.o
 .debug_macro   0x0000000000015a84      0x146 ./Core/Src/main.o
 .debug_macro   0x0000000000015bca       0x42 ./Core/Src/main.o
 .debug_macro   0x0000000000015c0c       0x18 ./Core/Src/main.o
 .debug_macro   0x0000000000015c24       0x52 ./Core/Src/main.o
 .debug_macro   0x0000000000015c76       0x3c ./Core/Src/main.o
 .debug_macro   0x0000000000015cb2       0x34 ./Core/Src/main.o
 .debug_macro   0x0000000000015ce6       0x16 ./Core/Src/main.o
 .debug_macro   0x0000000000015cfc       0x35 ./Core/Src/main.o
 .debug_macro   0x0000000000015d31       0x16 ./Core/Src/main.o
 .debug_macro   0x0000000000015d47       0x43 ./Core/Src/main.o
 .debug_macro   0x0000000000015d8a       0x34 ./Core/Src/main.o
 .debug_macro   0x0000000000015dbe       0x10 ./Core/Src/main.o
 .debug_macro   0x0000000000015dce       0x58 ./Core/Src/main.o
 .debug_macro   0x0000000000015e26       0x71 ./Core/Src/main.o
 .debug_macro   0x0000000000015e97       0x1c ./Core/Src/main.o
 .debug_macro   0x0000000000015eb3      0x12a ./Core/Src/main.o
 .debug_macro   0x0000000000015fdd      0x333 ./Core/Src/main.o
 .debug_macro   0x0000000000016310       0x16 ./Core/Src/main.o
 .debug_macro   0x0000000000016326       0x29 ./Core/Src/main.o
 .debug_macro   0x000000000001634f       0x78 ./Core/Src/main.o
 .debug_macro   0x00000000000163c7      0x214 ./Core/Src/main.o
 .debug_macro   0x00000000000165db       0x82 ./Core/Src/main.o
 .debug_macro   0x000000000001665d       0x6d ./Core/Src/main.o
 .debug_macro   0x00000000000166ca       0x3a ./Core/Src/main.o
 .debug_macro   0x0000000000016704       0x16 ./Core/Src/main.o
 .debug_macro   0x000000000001671a       0x16 ./Core/Src/main.o
 .debug_macro   0x0000000000016730       0x16 ./Core/Src/main.o
 .debug_macro   0x0000000000016746       0x10 ./Core/Src/main.o
 .debug_macro   0x0000000000016756       0x10 ./Core/Src/main.o
 .debug_macro   0x0000000000016766       0x10 ./Core/Src/main.o
 .debug_macro   0x0000000000016776       0x10 ./Core/Src/main.o
 .debug_macro   0x0000000000016786       0x10 ./Core/Src/main.o
 .debug_macro   0x0000000000016796       0x10 ./Core/Src/main.o
 .debug_macro   0x00000000000167a6       0x34 ./Core/Src/main.o
 .debug_macro   0x00000000000167da       0x10 ./Core/Src/main.o
 .debug_macro   0x00000000000167ea       0x3a ./Core/Src/main.o
 .debug_macro   0x0000000000016824       0x16 ./Core/Src/main.o
 .debug_macro   0x000000000001683a       0x1c ./Core/Src/main.o
 .debug_macro   0x0000000000016856       0x1c ./Core/Src/main.o
 .debug_macro   0x0000000000016872      0x512 ./Core/Src/stm32f1xx_hal_msp.o
 .debug_macro   0x0000000000016d84      0x51c ./Core/Src/stm32f1xx_it.o
 .debug_macro   0x00000000000172a0      0x1a3 ./Core/Src/system_stm32f1xx.o
 .debug_macro   0x0000000000017443      0x1c7 ./Drivers/STM32F1xx_HAL_Driver/Src/stm32f1xx_hal.o
 .debug_macro   0x000000000001760a      0x1a3 ./Drivers/STM32F1xx_HAL_Driver/Src/stm32f1xx_hal_cortex.o
 .debug_macro   0x00000000000177ad      0x1a3 ./Drivers/STM32F1xx_HAL_Driver/Src/stm32f1xx_hal_crc.o
 .debug_macro   0x0000000000017950      0x20e ./Drivers/STM32F1xx_HAL_Driver/Src/stm32f1xx_hal_gpio.o
 .debug_macro   0x0000000000017b5e      0x1b5 ./Drivers/STM32F1xx_HAL_Driver/Src/stm32f1xx_hal_rcc.o
 .debug_macro   0x0000000000017d13      0x1a4 ./Drivers/STM32F1xx_HAL_Driver/Src/stm32f1xx_hal_tim.o
 .debug_macro   0x0000000000017eb7      0x1a3 ./Drivers/STM32F1xx_HAL_Driver/Src/stm32f1xx_hal_tim_ex.o

.debug_line     0x0000000000000000     0xdb4b
 .debug_line    0x0000000000000000      0x398 ./Core/Src/global_param.o
 .debug_line    0x0000000000000398     0x1c4f ./Core/Src/main.o
 .debug_line    0x0000000000001fe7     0x1ad0 ./Core/Src/stm32f1xx_hal_msp.o
 .debug_line    0x0000000000003ab7     0x1b09 ./Core/Src/stm32f1xx_it.o
 .debug_line    0x00000000000055c0      0x6fa ./Core/Src/system_stm32f1xx.o
 .debug_line    0x0000000000005cba       0x87 ./Core/Startup/startup_stm32f103c8tx.o
 .debug_line    0x0000000000005d41      0x927 ./Drivers/STM32F1xx_HAL_Driver/Src/stm32f1xx_hal.o
 .debug_line    0x0000000000006668      0xb0f ./Drivers/STM32F1xx_HAL_Driver/Src/stm32f1xx_hal_cortex.o
 .debug_line    0x0000000000007177      0x7c2 ./Drivers/STM32F1xx_HAL_Driver/Src/stm32f1xx_hal_crc.o
 .debug_line    0x0000000000007939      0x9be ./Drivers/STM32F1xx_HAL_Driver/Src/stm32f1xx_hal_gpio.o
 .debug_line    0x00000000000082f7      0xd35 ./Drivers/STM32F1xx_HAL_Driver/Src/stm32f1xx_hal_rcc.o
 .debug_line    0x000000000000902c     0x32d0 ./Drivers/STM32F1xx_HAL_Driver/Src/stm32f1xx_hal_tim.o
 .debug_line    0x000000000000c2fc     0x184f ./Drivers/STM32F1xx_HAL_Driver/Src/stm32f1xx_hal_tim_ex.o

.debug_str      0x0000000000000000    0x89b46
 .debug_str     0x0000000000000000     0x3b3d ./Core/Src/global_param.o
                                       0x3ca6 (size before relaxing)
 .debug_str     0x0000000000003b3d    0x83cbe ./Core/Src/main.o
                                      0x87d4a (size before relaxing)
 .debug_str     0x00000000000877fb      0x325 ./Core/Src/stm32f1xx_hal_msp.o
                                      0x87b0e (size before relaxing)
 .debug_str     0x0000000000087b20       0xbd ./Core/Src/stm32f1xx_it.o
                                      0x87700 (size before relaxing)
 .debug_str     0x0000000000087bdd       0x52 ./Core/Src/system_stm32f1xx.o
                                      0x819ed (size before relaxing)
 .debug_str     0x0000000000087c2f       0x36 ./Core/Startup/startup_stm32f103c8tx.o
                                         0x55 (size before relaxing)
 .debug_str     0x0000000000087c65      0x304 ./Drivers/STM32F1xx_HAL_Driver/Src/stm32f1xx_hal.o
                                      0x8207e (size before relaxing)
 .debug_str     0x0000000000087f69      0x300 ./Drivers/STM32F1xx_HAL_Driver/Src/stm32f1xx_hal_cortex.o
                                      0x82086 (size before relaxing)
 .debug_str     0x0000000000088269       0x95 ./Drivers/STM32F1xx_HAL_Driver/Src/stm32f1xx_hal_crc.o
                                      0x81b5b (size before relaxing)
 .debug_str     0x00000000000882fe      0x31f ./Drivers/STM32F1xx_HAL_Driver/Src/stm32f1xx_hal_gpio.o
                                      0x81db1 (size before relaxing)
 .debug_str     0x000000000008861d      0x24f ./Drivers/STM32F1xx_HAL_Driver/Src/stm32f1xx_hal_rcc.o
                                      0x81dea (size before relaxing)
 .debug_str     0x000000000008886c      0xdec ./Drivers/STM32F1xx_HAL_Driver/Src/stm32f1xx_hal_tim.o
                                      0x82dbc (size before relaxing)
 .debug_str     0x0000000000089658      0x4ee ./Drivers/STM32F1xx_HAL_Driver/Src/stm32f1xx_hal_tim_ex.o
                                      0x8256d (size before relaxing)

.comment        0x0000000000000000       0xd5
 .comment       0x0000000000000000       0x53 ./Core/Src/global_param.o
                                         0x54 (size before relaxing)
 .comment       0x0000000000000053       0x54 ./Core/Src/main.o
 .comment       0x0000000000000053       0x54 ./Core/Src/stm32f1xx_hal_msp.o
 .comment       0x0000000000000053       0x54 ./Core/Src/stm32f1xx_it.o
 .comment       0x0000000000000053       0x54 ./Core/Src/system_stm32f1xx.o
 .comment       0x0000000000000053       0x54 ./Drivers/STM32F1xx_HAL_Driver/Src/stm32f1xx_hal.o
 .comment       0x0000000000000053       0x54 ./Drivers/STM32F1xx_HAL_Driver/Src/stm32f1xx_hal_cortex.o
 .comment       0x0000000000000053       0x54 ./Drivers/STM32F1xx_HAL_Driver/Src/stm32f1xx_hal_crc.o
 .comment       0x0000000000000053       0x54 ./Drivers/STM32F1xx_HAL_Driver/Src/stm32f1xx_hal_gpio.o
 .comment       0x0000000000000053       0x54 ./Drivers/STM32F1xx_HAL_Driver/Src/stm32f1xx_hal_rcc.o
 .comment       0x0000000000000053       0x54 ./Drivers/STM32F1xx_HAL_Driver/Src/stm32f1xx_hal_tim.o
 .comment       0x0000000000000053       0x54 ./Drivers/STM32F1xx_HAL_Driver/Src/stm32f1xx_hal_tim_ex.o
 .comment       0x0000000000000053       0x82 C:\STM32\Cube\CryptoTest\Lib\STM32F1\Middlewares\ST\STM32_Cryptographic\Lib\libSTM32CryptographicV3.0.0_CM3_GCC_ot.a(crypto.o)
                                         0x83 (size before relaxing)

.debug_ranges   0x0000000000000000      0x8f8
 .debug_ranges  0x0000000000000000       0x50 ./Core/Src/main.o
 .debug_ranges  0x0000000000000050       0x38 ./Core/Src/stm32f1xx_hal_msp.o
 .debug_ranges  0x0000000000000088       0x58 ./Core/Src/stm32f1xx_it.o
 .debug_ranges  0x00000000000000e0       0x18 ./Core/Src/system_stm32f1xx.o
 .debug_ranges  0x00000000000000f8       0x20 ./Core/Startup/startup_stm32f103c8tx.o
 .debug_ranges  0x0000000000000118       0xd0 ./Drivers/STM32F1xx_HAL_Driver/Src/stm32f1xx_hal.o
 .debug_ranges  0x00000000000001e8       0xf0 ./Drivers/STM32F1xx_HAL_Driver/Src/stm32f1xx_hal_cortex.o
 .debug_ranges  0x00000000000002d8       0x40 ./Drivers/STM32F1xx_HAL_Driver/Src/stm32f1xx_hal_crc.o
 .debug_ranges  0x0000000000000318       0x48 ./Drivers/STM32F1xx_HAL_Driver/Src/stm32f1xx_hal_gpio.o
 .debug_ranges  0x0000000000000360       0x80 ./Drivers/STM32F1xx_HAL_Driver/Src/stm32f1xx_hal_rcc.o
 .debug_ranges  0x00000000000003e0      0x3c0 ./Drivers/STM32F1xx_HAL_Driver/Src/stm32f1xx_hal_tim.o
 .debug_ranges  0x00000000000007a0      0x158 ./Drivers/STM32F1xx_HAL_Driver/Src/stm32f1xx_hal_tim_ex.o

.debug_frame    0x0000000000000000     0x2804
 .debug_frame   0x0000000000000000      0x150 ./Core/Src/main.o
 .debug_frame   0x0000000000000150       0xf4 ./Core/Src/stm32f1xx_hal_msp.o
 .debug_frame   0x0000000000000244      0x120 ./Core/Src/stm32f1xx_it.o
 .debug_frame   0x0000000000000364       0x58 ./Core/Src/system_stm32f1xx.o
 .debug_frame   0x00000000000003bc      0x334 ./Drivers/STM32F1xx_HAL_Driver/Src/stm32f1xx_hal.o
 .debug_frame   0x00000000000006f0      0x428 ./Drivers/STM32F1xx_HAL_Driver/Src/stm32f1xx_hal_cortex.o
 .debug_frame   0x0000000000000b18      0x120 ./Drivers/STM32F1xx_HAL_Driver/Src/stm32f1xx_hal_crc.o
 .debug_frame   0x0000000000000c38      0x14c ./Drivers/STM32F1xx_HAL_Driver/Src/stm32f1xx_hal_gpio.o
 .debug_frame   0x0000000000000d84      0x21c ./Drivers/STM32F1xx_HAL_Driver/Src/stm32f1xx_hal_rcc.o
 .debug_frame   0x0000000000000fa0     0x11b8 ./Drivers/STM32F1xx_HAL_Driver/Src/stm32f1xx_hal_tim.o
 .debug_frame   0x0000000000002158      0x638 ./Drivers/STM32F1xx_HAL_Driver/Src/stm32f1xx_hal_tim_ex.o
 .debug_frame   0x0000000000002790       0x2c c:/st/stm32cubeide_1.7.0/stm32cubeide/plugins/com.st.stm32cube.ide.mcu.externaltools.gnu-tools-for-stm32.9-2020-q2-update.win32_2.0.0.202105311346/tools/bin/../lib/gcc/arm-none-eabi/9.3.1/../../../../arm-none-eabi/lib/thumb/v7-m/nofp\libc_nano.a(lib_a-init.o)
 .debug_frame   0x00000000000027bc       0x28 c:/st/stm32cubeide_1.7.0/stm32cubeide/plugins/com.st.stm32cube.ide.mcu.externaltools.gnu-tools-for-stm32.9-2020-q2-update.win32_2.0.0.202105311346/tools/bin/../lib/gcc/arm-none-eabi/9.3.1/../../../../arm-none-eabi/lib/thumb/v7-m/nofp\libc_nano.a(lib_a-memcpy-stub.o)
 .debug_frame   0x00000000000027e4       0x20 c:/st/stm32cubeide_1.7.0/stm32cubeide/plugins/com.st.stm32cube.ide.mcu.externaltools.gnu-tools-for-stm32.9-2020-q2-update.win32_2.0.0.202105311346/tools/bin/../lib/gcc/arm-none-eabi/9.3.1/../../../../arm-none-eabi/lib/thumb/v7-m/nofp\libc_nano.a(lib_a-memset.o)
